ARM GAS  C:\Users\Sava\AppData\Local\Temp\cc3h6qfP.s 			page 1


   1              		.syntax unified
   2              		.cpu cortex-m3
   3              		.fpu softvfp
   4              		.eabi_attribute 20, 1
   5              		.eabi_attribute 21, 1
   6              		.eabi_attribute 23, 3
   7              		.eabi_attribute 24, 1
   8              		.eabi_attribute 25, 1
   9              		.eabi_attribute 26, 1
  10              		.eabi_attribute 30, 1
  11              		.eabi_attribute 34, 1
  12              		.eabi_attribute 18, 4
  13              		.thumb
  14              		.syntax unified
  15              		.file	"GraphicLCDIntf.c"
  16              		.text
  17              	.Ltext0:
  18              		.cfi_sections	.debug_frame
  19              		.section	.text.GraphicLCDIntf_Enable,"ax",%progbits
  20              		.align	2
  21              		.global	GraphicLCDIntf_Enable
  22              		.thumb
  23              		.thumb_func
  24              		.type	GraphicLCDIntf_Enable, %function
  25              	GraphicLCDIntf_Enable:
  26              	.LFB0:
  27              		.file 1 "Generated_Source\\PSoC5\\GraphicLCDIntf.c"
   1:Generated_Source\PSoC5/GraphicLCDIntf.c **** /*******************************************************************************
   2:Generated_Source\PSoC5/GraphicLCDIntf.c **** * File Name: GraphicLCDIntf.c  
   3:Generated_Source\PSoC5/GraphicLCDIntf.c **** * Version 1.70
   4:Generated_Source\PSoC5/GraphicLCDIntf.c **** *
   5:Generated_Source\PSoC5/GraphicLCDIntf.c **** * Description:
   6:Generated_Source\PSoC5/GraphicLCDIntf.c **** *  This file contains the setup, control and status commands for the 
   7:Generated_Source\PSoC5/GraphicLCDIntf.c **** *  GraphicLCDIntf component.  
   8:Generated_Source\PSoC5/GraphicLCDIntf.c **** *
   9:Generated_Source\PSoC5/GraphicLCDIntf.c **** * Note: 
  10:Generated_Source\PSoC5/GraphicLCDIntf.c **** *
  11:Generated_Source\PSoC5/GraphicLCDIntf.c **** *******************************************************************************
  12:Generated_Source\PSoC5/GraphicLCDIntf.c **** * Copyright 2008-2012, Cypress Semiconductor Corporation.  All rights reserved.
  13:Generated_Source\PSoC5/GraphicLCDIntf.c **** * You may use this file only in accordance with the license, terms, conditions, 
  14:Generated_Source\PSoC5/GraphicLCDIntf.c **** * disclaimers, and limitations in the end user license agreement accompanying 
  15:Generated_Source\PSoC5/GraphicLCDIntf.c **** * the software package with which this file was provided.
  16:Generated_Source\PSoC5/GraphicLCDIntf.c **** ********************************************************************************/
  17:Generated_Source\PSoC5/GraphicLCDIntf.c **** 
  18:Generated_Source\PSoC5/GraphicLCDIntf.c **** #include "GraphicLCDIntf.h"  
  19:Generated_Source\PSoC5/GraphicLCDIntf.c **** 
  20:Generated_Source\PSoC5/GraphicLCDIntf.c **** uint8 GraphicLCDIntf_initVar = 0u;
  21:Generated_Source\PSoC5/GraphicLCDIntf.c **** 
  22:Generated_Source\PSoC5/GraphicLCDIntf.c **** 
  23:Generated_Source\PSoC5/GraphicLCDIntf.c **** /*******************************************************************************
  24:Generated_Source\PSoC5/GraphicLCDIntf.c **** * Function Name: GraphicLCDIntf_Enable
  25:Generated_Source\PSoC5/GraphicLCDIntf.c **** ********************************************************************************
  26:Generated_Source\PSoC5/GraphicLCDIntf.c **** *
  27:Generated_Source\PSoC5/GraphicLCDIntf.c **** * Summary:
  28:Generated_Source\PSoC5/GraphicLCDIntf.c **** *  There is no need to reset or enable this component.  This component is 
  29:Generated_Source\PSoC5/GraphicLCDIntf.c **** *  naturally a slave that waits for the API calls in order to perform any 
  30:Generated_Source\PSoC5/GraphicLCDIntf.c **** *  function and once a request is made that request will always complete in 
ARM GAS  C:\Users\Sava\AppData\Local\Temp\cc3h6qfP.s 			page 2


  31:Generated_Source\PSoC5/GraphicLCDIntf.c **** *  finite time as long as a clock is provided. The only thing that is provided
  32:Generated_Source\PSoC5/GraphicLCDIntf.c **** *  by this API is setting the Command FIFO to drive at least half empty status
  33:Generated_Source\PSoC5/GraphicLCDIntf.c **** *  from the FIFO.
  34:Generated_Source\PSoC5/GraphicLCDIntf.c **** *
  35:Generated_Source\PSoC5/GraphicLCDIntf.c **** * Parameters:
  36:Generated_Source\PSoC5/GraphicLCDIntf.c **** *  None.
  37:Generated_Source\PSoC5/GraphicLCDIntf.c **** *
  38:Generated_Source\PSoC5/GraphicLCDIntf.c **** * Return:
  39:Generated_Source\PSoC5/GraphicLCDIntf.c **** *  None.
  40:Generated_Source\PSoC5/GraphicLCDIntf.c **** *
  41:Generated_Source\PSoC5/GraphicLCDIntf.c **** *******************************************************************************/
  42:Generated_Source\PSoC5/GraphicLCDIntf.c **** void GraphicLCDIntf_Enable(void) 
  43:Generated_Source\PSoC5/GraphicLCDIntf.c **** {   
  28              		.loc 1 43 0
  29              		.cfi_startproc
  30              		@ args = 0, pretend = 0, frame = 0
  31              		@ frame_needed = 0, uses_anonymous_args = 0
  32              		@ link register save eliminated.
  33 0000 7047     		bx	lr
  34              		.cfi_endproc
  35              	.LFE0:
  36              		.size	GraphicLCDIntf_Enable, .-GraphicLCDIntf_Enable
  37 0002 00BF     		.section	.text.GraphicLCDIntf_Init,"ax",%progbits
  38              		.align	2
  39              		.global	GraphicLCDIntf_Init
  40              		.thumb
  41              		.thumb_func
  42              		.type	GraphicLCDIntf_Init, %function
  43              	GraphicLCDIntf_Init:
  44              	.LFB1:
  44:Generated_Source\PSoC5/GraphicLCDIntf.c ****     /* There aren't anything to enable */
  45:Generated_Source\PSoC5/GraphicLCDIntf.c **** }
  46:Generated_Source\PSoC5/GraphicLCDIntf.c **** 
  47:Generated_Source\PSoC5/GraphicLCDIntf.c **** 
  48:Generated_Source\PSoC5/GraphicLCDIntf.c **** /*******************************************************************************
  49:Generated_Source\PSoC5/GraphicLCDIntf.c **** * Function Name: GraphicLCDIntf_Init
  50:Generated_Source\PSoC5/GraphicLCDIntf.c **** ********************************************************************************
  51:Generated_Source\PSoC5/GraphicLCDIntf.c **** *
  52:Generated_Source\PSoC5/GraphicLCDIntf.c **** * Summary:
  53:Generated_Source\PSoC5/GraphicLCDIntf.c **** *  Inits/Restores default GraphicLCDIntf configuration provided with customizer
  54:Generated_Source\PSoC5/GraphicLCDIntf.c **** *
  55:Generated_Source\PSoC5/GraphicLCDIntf.c **** * Parameters:
  56:Generated_Source\PSoC5/GraphicLCDIntf.c **** *  None.
  57:Generated_Source\PSoC5/GraphicLCDIntf.c **** *
  58:Generated_Source\PSoC5/GraphicLCDIntf.c **** * Return:
  59:Generated_Source\PSoC5/GraphicLCDIntf.c **** *  None.
  60:Generated_Source\PSoC5/GraphicLCDIntf.c **** * 
  61:Generated_Source\PSoC5/GraphicLCDIntf.c **** *******************************************************************************/
  62:Generated_Source\PSoC5/GraphicLCDIntf.c **** void GraphicLCDIntf_Init(void) 
  63:Generated_Source\PSoC5/GraphicLCDIntf.c **** {
  45              		.loc 1 63 0
  46              		.cfi_startproc
  47              		@ args = 0, pretend = 0, frame = 0
  48              		@ frame_needed = 0, uses_anonymous_args = 0
  49              		@ link register save eliminated.
  64:Generated_Source\PSoC5/GraphicLCDIntf.c ****     /* Set low and high pulse widths for read transaction */
  65:Generated_Source\PSoC5/GraphicLCDIntf.c ****     GraphicLCDIntf_READ_LO_PULSE_REG = GraphicLCDIntf_READ_LOW_PULSE;
ARM GAS  C:\Users\Sava\AppData\Local\Temp\cc3h6qfP.s 			page 3


  50              		.loc 1 65 0
  51 0000 0022     		movs	r2, #0
  52 0002 034B     		ldr	r3, .L3
  53 0004 1A70     		strb	r2, [r3]
  66:Generated_Source\PSoC5/GraphicLCDIntf.c ****     GraphicLCDIntf_READ_HI_PULSE_REG = GraphicLCDIntf_READ_HIGH_PULSE;
  54              		.loc 1 66 0
  55 0006 0122     		movs	r2, #1
  56 0008 1033     		adds	r3, r3, #16
  57 000a 1A70     		strb	r2, [r3]
  58 000c 7047     		bx	lr
  59              	.L4:
  60 000e 00BF     		.align	2
  61              	.L3:
  62 0010 2A650040 		.word	1073767722
  63              		.cfi_endproc
  64              	.LFE1:
  65              		.size	GraphicLCDIntf_Init, .-GraphicLCDIntf_Init
  66              		.section	.text.GraphicLCDIntf_Start,"ax",%progbits
  67              		.align	2
  68              		.global	GraphicLCDIntf_Start
  69              		.thumb
  70              		.thumb_func
  71              		.type	GraphicLCDIntf_Start, %function
  72              	GraphicLCDIntf_Start:
  73              	.LFB2:
  67:Generated_Source\PSoC5/GraphicLCDIntf.c **** }
  68:Generated_Source\PSoC5/GraphicLCDIntf.c **** 
  69:Generated_Source\PSoC5/GraphicLCDIntf.c **** 
  70:Generated_Source\PSoC5/GraphicLCDIntf.c **** /*******************************************************************************
  71:Generated_Source\PSoC5/GraphicLCDIntf.c **** * Function Name: GraphicLCDIntf_Start
  72:Generated_Source\PSoC5/GraphicLCDIntf.c **** ********************************************************************************
  73:Generated_Source\PSoC5/GraphicLCDIntf.c **** *
  74:Generated_Source\PSoC5/GraphicLCDIntf.c **** * Summary:
  75:Generated_Source\PSoC5/GraphicLCDIntf.c **** *  Starts the GraphicLCDIntf interface.
  76:Generated_Source\PSoC5/GraphicLCDIntf.c **** *
  77:Generated_Source\PSoC5/GraphicLCDIntf.c **** * Parameters:
  78:Generated_Source\PSoC5/GraphicLCDIntf.c **** *  None.
  79:Generated_Source\PSoC5/GraphicLCDIntf.c **** *
  80:Generated_Source\PSoC5/GraphicLCDIntf.c **** * Return:
  81:Generated_Source\PSoC5/GraphicLCDIntf.c **** *  None.
  82:Generated_Source\PSoC5/GraphicLCDIntf.c **** *
  83:Generated_Source\PSoC5/GraphicLCDIntf.c **** * Global Variables:
  84:Generated_Source\PSoC5/GraphicLCDIntf.c **** *  GraphicLCDIntf_initVar - used to check initial configuration, modified on 
  85:Generated_Source\PSoC5/GraphicLCDIntf.c **** *  first function call.
  86:Generated_Source\PSoC5/GraphicLCDIntf.c **** *
  87:Generated_Source\PSoC5/GraphicLCDIntf.c **** * Reentrant:
  88:Generated_Source\PSoC5/GraphicLCDIntf.c **** *  No.
  89:Generated_Source\PSoC5/GraphicLCDIntf.c **** *
  90:Generated_Source\PSoC5/GraphicLCDIntf.c **** *******************************************************************************/
  91:Generated_Source\PSoC5/GraphicLCDIntf.c **** void GraphicLCDIntf_Start(void) 
  92:Generated_Source\PSoC5/GraphicLCDIntf.c **** {
  74              		.loc 1 92 0
  75              		.cfi_startproc
  76              		@ args = 0, pretend = 0, frame = 0
  77              		@ frame_needed = 0, uses_anonymous_args = 0
  78 0000 08B5     		push	{r3, lr}
  79              		.cfi_def_cfa_offset 8
ARM GAS  C:\Users\Sava\AppData\Local\Temp\cc3h6qfP.s 			page 4


  80              		.cfi_offset 3, -8
  81              		.cfi_offset 14, -4
  93:Generated_Source\PSoC5/GraphicLCDIntf.c ****     if (GraphicLCDIntf_initVar == 0u)
  82              		.loc 1 93 0
  83 0002 044B     		ldr	r3, .L8
  84 0004 1B78     		ldrb	r3, [r3]	@ zero_extendqisi2
  85 0006 23B9     		cbnz	r3, .L5
  94:Generated_Source\PSoC5/GraphicLCDIntf.c ****     {
  95:Generated_Source\PSoC5/GraphicLCDIntf.c ****         GraphicLCDIntf_Init();
  86              		.loc 1 95 0
  87 0008 FFF7FEFF 		bl	GraphicLCDIntf_Init
  88              	.LVL0:
  96:Generated_Source\PSoC5/GraphicLCDIntf.c ****         GraphicLCDIntf_initVar = 1u;
  89              		.loc 1 96 0
  90 000c 0122     		movs	r2, #1
  91 000e 014B     		ldr	r3, .L8
  92 0010 1A70     		strb	r2, [r3]
  93              	.L5:
  94 0012 08BD     		pop	{r3, pc}
  95              	.L9:
  96              		.align	2
  97              	.L8:
  98 0014 00000000 		.word	.LANCHOR0
  99              		.cfi_endproc
 100              	.LFE2:
 101              		.size	GraphicLCDIntf_Start, .-GraphicLCDIntf_Start
 102              		.section	.text.GraphicLCDIntf_Stop,"ax",%progbits
 103              		.align	2
 104              		.global	GraphicLCDIntf_Stop
 105              		.thumb
 106              		.thumb_func
 107              		.type	GraphicLCDIntf_Stop, %function
 108              	GraphicLCDIntf_Stop:
 109              	.LFB3:
  97:Generated_Source\PSoC5/GraphicLCDIntf.c ****     }
  98:Generated_Source\PSoC5/GraphicLCDIntf.c ****       
  99:Generated_Source\PSoC5/GraphicLCDIntf.c ****     GraphicLCDIntf_Enable();
 100:Generated_Source\PSoC5/GraphicLCDIntf.c **** }
 101:Generated_Source\PSoC5/GraphicLCDIntf.c **** 
 102:Generated_Source\PSoC5/GraphicLCDIntf.c **** 
 103:Generated_Source\PSoC5/GraphicLCDIntf.c **** /*******************************************************************************
 104:Generated_Source\PSoC5/GraphicLCDIntf.c **** * Function Name: GraphicLCDIntf_Stop
 105:Generated_Source\PSoC5/GraphicLCDIntf.c **** ********************************************************************************
 106:Generated_Source\PSoC5/GraphicLCDIntf.c **** *
 107:Generated_Source\PSoC5/GraphicLCDIntf.c **** * Summary:
 108:Generated_Source\PSoC5/GraphicLCDIntf.c **** *  Disables the GraphicLCDIntf interface.
 109:Generated_Source\PSoC5/GraphicLCDIntf.c **** *
 110:Generated_Source\PSoC5/GraphicLCDIntf.c **** * Parameters:
 111:Generated_Source\PSoC5/GraphicLCDIntf.c **** *  None.
 112:Generated_Source\PSoC5/GraphicLCDIntf.c **** *
 113:Generated_Source\PSoC5/GraphicLCDIntf.c **** * Return:
 114:Generated_Source\PSoC5/GraphicLCDIntf.c **** *  None.
 115:Generated_Source\PSoC5/GraphicLCDIntf.c **** *
 116:Generated_Source\PSoC5/GraphicLCDIntf.c **** *******************************************************************************/
 117:Generated_Source\PSoC5/GraphicLCDIntf.c **** void GraphicLCDIntf_Stop(void) 
 118:Generated_Source\PSoC5/GraphicLCDIntf.c **** {
 110              		.loc 1 118 0
ARM GAS  C:\Users\Sava\AppData\Local\Temp\cc3h6qfP.s 			page 5


 111              		.cfi_startproc
 112              		@ args = 0, pretend = 0, frame = 0
 113              		@ frame_needed = 0, uses_anonymous_args = 0
 114              		@ link register save eliminated.
 115 0000 7047     		bx	lr
 116              		.cfi_endproc
 117              	.LFE3:
 118              		.size	GraphicLCDIntf_Stop, .-GraphicLCDIntf_Stop
 119 0002 00BF     		.section	.text.GraphicLCDIntf_Write16,"ax",%progbits
 120              		.align	2
 121              		.global	GraphicLCDIntf_Write16
 122              		.thumb
 123              		.thumb_func
 124              		.type	GraphicLCDIntf_Write16, %function
 125              	GraphicLCDIntf_Write16:
 126              	.LFB4:
 119:Generated_Source\PSoC5/GraphicLCDIntf.c ****     /* There aren't anything to stop */
 120:Generated_Source\PSoC5/GraphicLCDIntf.c **** }
 121:Generated_Source\PSoC5/GraphicLCDIntf.c **** 
 122:Generated_Source\PSoC5/GraphicLCDIntf.c **** 
 123:Generated_Source\PSoC5/GraphicLCDIntf.c **** /*******************************************************************************
 124:Generated_Source\PSoC5/GraphicLCDIntf.c **** * Function Name: GraphicLCDIntf_Write16
 125:Generated_Source\PSoC5/GraphicLCDIntf.c **** ********************************************************************************
 126:Generated_Source\PSoC5/GraphicLCDIntf.c **** *
 127:Generated_Source\PSoC5/GraphicLCDIntf.c **** * Summary:
 128:Generated_Source\PSoC5/GraphicLCDIntf.c **** *  Initiates a write transaction on the 16-bit parallel
 129:Generated_Source\PSoC5/GraphicLCDIntf.c **** *  interface.
 130:Generated_Source\PSoC5/GraphicLCDIntf.c **** *  The write is a posted write, so this function will return before the write 
 131:Generated_Source\PSoC5/GraphicLCDIntf.c **** *  has actually completed on the interface. If the command queue is full, this 
 132:Generated_Source\PSoC5/GraphicLCDIntf.c **** *  function will not return until space is availale to queue this write request.
 133:Generated_Source\PSoC5/GraphicLCDIntf.c **** *
 134:Generated_Source\PSoC5/GraphicLCDIntf.c **** * Parameters:
 135:Generated_Source\PSoC5/GraphicLCDIntf.c **** *  d_c:  Data(1) or Command(0) indication. Passed to the d_c pin.
 136:Generated_Source\PSoC5/GraphicLCDIntf.c **** *
 137:Generated_Source\PSoC5/GraphicLCDIntf.c **** *  data: Data sent on the do_msb[7:0] (most significant byte) 
 138:Generated_Source\PSoC5/GraphicLCDIntf.c **** *        and do_lsb[7:0] (least significant byte) pins. do_msb[7:0]
 139:Generated_Source\PSoC5/GraphicLCDIntf.c **** *        presents only for 16-bit interface.
 140:Generated_Source\PSoC5/GraphicLCDIntf.c **** *
 141:Generated_Source\PSoC5/GraphicLCDIntf.c **** * Return:
 142:Generated_Source\PSoC5/GraphicLCDIntf.c **** *  None.
 143:Generated_Source\PSoC5/GraphicLCDIntf.c **** *
 144:Generated_Source\PSoC5/GraphicLCDIntf.c **** * Reentrant:
 145:Generated_Source\PSoC5/GraphicLCDIntf.c **** *  No.
 146:Generated_Source\PSoC5/GraphicLCDIntf.c **** *
 147:Generated_Source\PSoC5/GraphicLCDIntf.c **** *******************************************************************************/
 148:Generated_Source\PSoC5/GraphicLCDIntf.c **** void GraphicLCDIntf_Write16(uint8 d_c, uint16 wrData) \
 149:Generated_Source\PSoC5/GraphicLCDIntf.c ****                                                  
 150:Generated_Source\PSoC5/GraphicLCDIntf.c **** {
 127              		.loc 1 150 0
 128              		.cfi_startproc
 129              		@ args = 0, pretend = 0, frame = 0
 130              		@ frame_needed = 0, uses_anonymous_args = 0
 131              		@ link register save eliminated.
 132              	.LVL1:
 133              	.L12:
 151:Generated_Source\PSoC5/GraphicLCDIntf.c ****     while((GraphicLCDIntf_STATUS_REG & GraphicLCDIntf_CMD_QUEUE_FULL) != 0u)
 134              		.loc 1 151 0 discriminator 1
ARM GAS  C:\Users\Sava\AppData\Local\Temp\cc3h6qfP.s 			page 6


 135 0000 044B     		ldr	r3, .L13
 136 0002 1B78     		ldrb	r3, [r3]	@ zero_extendqisi2
 137 0004 13F0010F 		tst	r3, #1
 138 0008 FAD1     		bne	.L12
 152:Generated_Source\PSoC5/GraphicLCDIntf.c ****     {
 153:Generated_Source\PSoC5/GraphicLCDIntf.c ****             /* Command queue is full */
 154:Generated_Source\PSoC5/GraphicLCDIntf.c ****     }   
 155:Generated_Source\PSoC5/GraphicLCDIntf.c ****     GraphicLCDIntf_CMD_FIFO_REG = d_c;
 139              		.loc 1 155 0
 140 000a 034B     		ldr	r3, .L13+4
 141 000c 1870     		strb	r0, [r3]
 156:Generated_Source\PSoC5/GraphicLCDIntf.c ****     #if (GraphicLCDIntf_BUS_WIDTH == 16u)
 157:Generated_Source\PSoC5/GraphicLCDIntf.c ****         CY_SET_REG16(GraphicLCDIntf_DATA_FIFO_PTR, wrData);
 142              		.loc 1 157 0
 143 000e 1033     		adds	r3, r3, #16
 144 0010 1980     		strh	r1, [r3]	@ movhi
 145 0012 7047     		bx	lr
 146              	.L14:
 147              		.align	2
 148              	.L13:
 149 0014 69650040 		.word	1073767785
 150 0018 4A650040 		.word	1073767754
 151              		.cfi_endproc
 152              	.LFE4:
 153              		.size	GraphicLCDIntf_Write16, .-GraphicLCDIntf_Write16
 154              		.section	.text.GraphicLCDIntf_WriteM16,"ax",%progbits
 155              		.align	2
 156              		.global	GraphicLCDIntf_WriteM16
 157              		.thumb
 158              		.thumb_func
 159              		.type	GraphicLCDIntf_WriteM16, %function
 160              	GraphicLCDIntf_WriteM16:
 161              	.LFB5:
 158:Generated_Source\PSoC5/GraphicLCDIntf.c ****     #else /* 8-bit interface */
 159:Generated_Source\PSoC5/GraphicLCDIntf.c ****         GraphicLCDIntf_DATA_FIFO_REG = wrData;
 160:Generated_Source\PSoC5/GraphicLCDIntf.c ****     #endif /* GraphicLCDIntf_BUS_WIDTH == 16u */
 161:Generated_Source\PSoC5/GraphicLCDIntf.c **** }
 162:Generated_Source\PSoC5/GraphicLCDIntf.c **** 	
 163:Generated_Source\PSoC5/GraphicLCDIntf.c **** 
 164:Generated_Source\PSoC5/GraphicLCDIntf.c **** /*******************************************************************************
 165:Generated_Source\PSoC5/GraphicLCDIntf.c **** * Function Name: GraphicLCDIntf_WriteM16
 166:Generated_Source\PSoC5/GraphicLCDIntf.c **** ********************************************************************************
 167:Generated_Source\PSoC5/GraphicLCDIntf.c **** *
 168:Generated_Source\PSoC5/GraphicLCDIntf.c **** * Summary:
 169:Generated_Source\PSoC5/GraphicLCDIntf.c **** *  Initiates multiple write transactions on the 16-bit 
 170:Generated_Source\PSoC5/GraphicLCDIntf.c **** *  parallel interface. The write is a posted write, so this function will return
 171:Generated_Source\PSoC5/GraphicLCDIntf.c **** *  before the write has actually completed on the interface. If the command 
 172:Generated_Source\PSoC5/GraphicLCDIntf.c **** *  queue is full, this function will not return until space is availale to queue
 173:Generated_Source\PSoC5/GraphicLCDIntf.c **** *  this write request.
 174:Generated_Source\PSoC5/GraphicLCDIntf.c **** *
 175:Generated_Source\PSoC5/GraphicLCDIntf.c **** * Parameters:
 176:Generated_Source\PSoC5/GraphicLCDIntf.c **** *  d_c:  Data(1) or Command(0) indication. Passed to the d_c pin.
 177:Generated_Source\PSoC5/GraphicLCDIntf.c **** *
 178:Generated_Source\PSoC5/GraphicLCDIntf.c **** *  data: Pointer to the the first element of a data buffer sent on the do_msb[7:0]
 179:Generated_Source\PSoC5/GraphicLCDIntf.c **** *        (most significant byte) and do_lsb[7:0] (least significant byte) pins. 
 180:Generated_Source\PSoC5/GraphicLCDIntf.c **** *        do_msb[7:0] presents only for 16-bit interface.
 181:Generated_Source\PSoC5/GraphicLCDIntf.c **** *
ARM GAS  C:\Users\Sava\AppData\Local\Temp\cc3h6qfP.s 			page 7


 182:Generated_Source\PSoC5/GraphicLCDIntf.c **** *  num:  Number of words/bytes to write.
 183:Generated_Source\PSoC5/GraphicLCDIntf.c **** *
 184:Generated_Source\PSoC5/GraphicLCDIntf.c **** * Return:
 185:Generated_Source\PSoC5/GraphicLCDIntf.c **** *  None.
 186:Generated_Source\PSoC5/GraphicLCDIntf.c **** *
 187:Generated_Source\PSoC5/GraphicLCDIntf.c **** * Reentrant:
 188:Generated_Source\PSoC5/GraphicLCDIntf.c **** *  No.
 189:Generated_Source\PSoC5/GraphicLCDIntf.c **** *
 190:Generated_Source\PSoC5/GraphicLCDIntf.c **** *******************************************************************************/
 191:Generated_Source\PSoC5/GraphicLCDIntf.c **** void GraphicLCDIntf_WriteM16(uint8 d_c, uint16* wrData, uint16 num) \
 192:Generated_Source\PSoC5/GraphicLCDIntf.c ****                                                 
 193:Generated_Source\PSoC5/GraphicLCDIntf.c **** {
 162              		.loc 1 193 0
 163              		.cfi_startproc
 164              		@ args = 0, pretend = 0, frame = 0
 165              		@ frame_needed = 0, uses_anonymous_args = 0
 166              		@ link register save eliminated.
 167              	.LVL2:
 168 0000 10B4     		push	{r4}
 169              		.cfi_def_cfa_offset 4
 170              		.cfi_offset 4, -4
 194:Generated_Source\PSoC5/GraphicLCDIntf.c ****     for(; num; num--)
 171              		.loc 1 194 0
 172 0002 0CE0     		b	.L16
 173              	.L17:
 195:Generated_Source\PSoC5/GraphicLCDIntf.c ****     {
 196:Generated_Source\PSoC5/GraphicLCDIntf.c ****         while((GraphicLCDIntf_STATUS_REG & GraphicLCDIntf_CMD_QUEUE_FULL) != 0u)
 174              		.loc 1 196 0 discriminator 1
 175 0004 084B     		ldr	r3, .L19
 176 0006 1B78     		ldrb	r3, [r3]	@ zero_extendqisi2
 177 0008 13F0010F 		tst	r3, #1
 178 000c FAD1     		bne	.L17
 197:Generated_Source\PSoC5/GraphicLCDIntf.c ****         {
 198:Generated_Source\PSoC5/GraphicLCDIntf.c ****             /* Command queue is full */
 199:Generated_Source\PSoC5/GraphicLCDIntf.c ****         }   
 200:Generated_Source\PSoC5/GraphicLCDIntf.c ****         GraphicLCDIntf_CMD_FIFO_REG = d_c;  
 179              		.loc 1 200 0
 180 000e 074B     		ldr	r3, .L19+4
 181 0010 1870     		strb	r0, [r3]
 182              	.LVL3:
 201:Generated_Source\PSoC5/GraphicLCDIntf.c ****  
 202:Generated_Source\PSoC5/GraphicLCDIntf.c ****         #if (GraphicLCDIntf_BUS_WIDTH == 16u)
 203:Generated_Source\PSoC5/GraphicLCDIntf.c ****             CY_SET_REG16(GraphicLCDIntf_DATA_FIFO_PTR, *wrData++);
 183              		.loc 1 203 0
 184 0012 0C88     		ldrh	r4, [r1]
 185 0014 1033     		adds	r3, r3, #16
 186 0016 1C80     		strh	r4, [r3]	@ movhi
 194:Generated_Source\PSoC5/GraphicLCDIntf.c ****     {
 187              		.loc 1 194 0
 188 0018 013A     		subs	r2, r2, #1
 189              	.LVL4:
 190 001a 92B2     		uxth	r2, r2
 191              	.LVL5:
 192              		.loc 1 203 0
 193 001c 0231     		adds	r1, r1, #2
 194              	.LVL6:
 195              	.L16:
ARM GAS  C:\Users\Sava\AppData\Local\Temp\cc3h6qfP.s 			page 8


 194:Generated_Source\PSoC5/GraphicLCDIntf.c ****     {
 196              		.loc 1 194 0 discriminator 1
 197 001e 002A     		cmp	r2, #0
 198 0020 F0D1     		bne	.L17
 204:Generated_Source\PSoC5/GraphicLCDIntf.c ****         #else /* 8-bit interface */
 205:Generated_Source\PSoC5/GraphicLCDIntf.c ****             GraphicLCDIntf_DATA_FIFO_REG = *wrData++;
 206:Generated_Source\PSoC5/GraphicLCDIntf.c ****         #endif /* GraphicLCDIntf_BUS_WIDTH == 16u */
 207:Generated_Source\PSoC5/GraphicLCDIntf.c ****     }
 208:Generated_Source\PSoC5/GraphicLCDIntf.c **** }
 199              		.loc 1 208 0
 200 0022 10BC     		pop	{r4}
 201              		.cfi_restore 4
 202              		.cfi_def_cfa_offset 0
 203 0024 7047     		bx	lr
 204              	.L20:
 205 0026 00BF     		.align	2
 206              	.L19:
 207 0028 69650040 		.word	1073767785
 208 002c 4A650040 		.word	1073767754
 209              		.cfi_endproc
 210              	.LFE5:
 211              		.size	GraphicLCDIntf_WriteM16, .-GraphicLCDIntf_WriteM16
 212              		.section	.text.GraphicLCDIntf_Read16,"ax",%progbits
 213              		.align	2
 214              		.global	GraphicLCDIntf_Read16
 215              		.thumb
 216              		.thumb_func
 217              		.type	GraphicLCDIntf_Read16, %function
 218              	GraphicLCDIntf_Read16:
 219              	.LFB6:
 209:Generated_Source\PSoC5/GraphicLCDIntf.c **** 
 210:Generated_Source\PSoC5/GraphicLCDIntf.c **** 
 211:Generated_Source\PSoC5/GraphicLCDIntf.c **** /*******************************************************************************
 212:Generated_Source\PSoC5/GraphicLCDIntf.c **** * Function Name: GraphicLCDIntf_Read16
 213:Generated_Source\PSoC5/GraphicLCDIntf.c **** ********************************************************************************
 214:Generated_Source\PSoC5/GraphicLCDIntf.c **** *
 215:Generated_Source\PSoC5/GraphicLCDIntf.c **** * Summary:
 216:Generated_Source\PSoC5/GraphicLCDIntf.c **** *  Initiates a read transaction on the 16-bit parallel interface.
 217:Generated_Source\PSoC5/GraphicLCDIntf.c **** *  The read will execute after all currently posted writes have completed. This 
 218:Generated_Source\PSoC5/GraphicLCDIntf.c **** *  function will wait until the read completes and then returns the read value.
 219:Generated_Source\PSoC5/GraphicLCDIntf.c **** *
 220:Generated_Source\PSoC5/GraphicLCDIntf.c **** * Parameters:
 221:Generated_Source\PSoC5/GraphicLCDIntf.c **** *  d_c: Data(1) or Command(0) indication. Passed to the d_c pin.
 222:Generated_Source\PSoC5/GraphicLCDIntf.c **** *
 223:Generated_Source\PSoC5/GraphicLCDIntf.c **** * Return:
 224:Generated_Source\PSoC5/GraphicLCDIntf.c **** *  16-bit read value from the di_msb[7:0] (most significant byte) and 
 225:Generated_Source\PSoC5/GraphicLCDIntf.c **** *  di_lsb[7:0] (least significant byte) pins for 16-bit interface or
 226:Generated_Source\PSoC5/GraphicLCDIntf.c **** *  8-bit read value from the di_lsb[7:0] for 8-bit interface.
 227:Generated_Source\PSoC5/GraphicLCDIntf.c **** *
 228:Generated_Source\PSoC5/GraphicLCDIntf.c **** * Reentrant:
 229:Generated_Source\PSoC5/GraphicLCDIntf.c **** *  No.
 230:Generated_Source\PSoC5/GraphicLCDIntf.c **** *
 231:Generated_Source\PSoC5/GraphicLCDIntf.c **** *******************************************************************************/
 232:Generated_Source\PSoC5/GraphicLCDIntf.c **** uint16 GraphicLCDIntf_Read16(uint8 d_c) \
 233:Generated_Source\PSoC5/GraphicLCDIntf.c ****                                                   
 234:Generated_Source\PSoC5/GraphicLCDIntf.c **** {
 220              		.loc 1 234 0
ARM GAS  C:\Users\Sava\AppData\Local\Temp\cc3h6qfP.s 			page 9


 221              		.cfi_startproc
 222              		@ args = 0, pretend = 0, frame = 0
 223              		@ frame_needed = 0, uses_anonymous_args = 0
 224              		@ link register save eliminated.
 225              	.LVL7:
 226              	.L22:
 235:Generated_Source\PSoC5/GraphicLCDIntf.c ****     while((GraphicLCDIntf_STATUS_REG & GraphicLCDIntf_CMD_QUEUE_FULL) != 0u)
 227              		.loc 1 235 0 discriminator 1
 228 0000 0A4B     		ldr	r3, .L24
 229 0002 1B78     		ldrb	r3, [r3]	@ zero_extendqisi2
 230 0004 13F0010F 		tst	r3, #1
 231 0008 FAD1     		bne	.L22
 236:Generated_Source\PSoC5/GraphicLCDIntf.c ****     {
 237:Generated_Source\PSoC5/GraphicLCDIntf.c ****         /* Command queue is full */
 238:Generated_Source\PSoC5/GraphicLCDIntf.c ****     }   
 239:Generated_Source\PSoC5/GraphicLCDIntf.c ****     GraphicLCDIntf_CMD_FIFO_REG = d_c | GraphicLCDIntf_READ_COMMAND;
 232              		.loc 1 239 0
 233 000a 40F00200 		orr	r0, r0, #2
 234              	.LVL8:
 235 000e 084B     		ldr	r3, .L24+4
 236 0010 1870     		strb	r0, [r3]
 237              	.L23:
 240:Generated_Source\PSoC5/GraphicLCDIntf.c ****     
 241:Generated_Source\PSoC5/GraphicLCDIntf.c ****     while((GraphicLCDIntf_STATUS_REG & GraphicLCDIntf_DATA_VALID) != GraphicLCDIntf_DATA_VALID)
 238              		.loc 1 241 0 discriminator 1
 239 0012 064B     		ldr	r3, .L24
 240 0014 1B78     		ldrb	r3, [r3]	@ zero_extendqisi2
 241 0016 13F0020F 		tst	r3, #2
 242 001a FAD0     		beq	.L23
 242:Generated_Source\PSoC5/GraphicLCDIntf.c ****     {
 243:Generated_Source\PSoC5/GraphicLCDIntf.c ****         /* wait until input data are valid */    
 244:Generated_Source\PSoC5/GraphicLCDIntf.c ****     }
 245:Generated_Source\PSoC5/GraphicLCDIntf.c ****     
 246:Generated_Source\PSoC5/GraphicLCDIntf.c ****     #if (GraphicLCDIntf_BUS_WIDTH == 8u)  /* 8-bit interface */
 247:Generated_Source\PSoC5/GraphicLCDIntf.c ****         return (GraphicLCDIntf_DIN_LSB_DATA_REG);
 248:Generated_Source\PSoC5/GraphicLCDIntf.c ****     #else   /* 16-bit interface */
 249:Generated_Source\PSoC5/GraphicLCDIntf.c ****         return ((((uint16) GraphicLCDIntf_DIN_MSB_DATA_REG) << 8u) | GraphicLCDIntf_DIN_LSB_DATA_RE
 243              		.loc 1 249 0
 244 001c 054B     		ldr	r3, .L24+8
 245 001e 1878     		ldrb	r0, [r3]	@ zero_extendqisi2
 246 0020 03F20113 		addw	r3, r3, #257
 247 0024 1B78     		ldrb	r3, [r3]	@ zero_extendqisi2
 250:Generated_Source\PSoC5/GraphicLCDIntf.c ****     #endif /* GraphicLCDIntf_BUS_WIDTH == 8u */
 251:Generated_Source\PSoC5/GraphicLCDIntf.c **** }
 248              		.loc 1 251 0
 249 0026 43EA0020 		orr	r0, r3, r0, lsl #8
 250 002a 7047     		bx	lr
 251              	.L25:
 252              		.align	2
 253              	.L24:
 254 002c 69650040 		.word	1073767785
 255 0030 4A650040 		.word	1073767754
 256 0034 69640040 		.word	1073767529
 257              		.cfi_endproc
 258              	.LFE6:
 259              		.size	GraphicLCDIntf_Read16, .-GraphicLCDIntf_Read16
 260              		.global	GraphicLCDIntf_initVar
ARM GAS  C:\Users\Sava\AppData\Local\Temp\cc3h6qfP.s 			page 10


 261              		.bss
 262              		.set	.LANCHOR0,. + 0
 263              		.type	GraphicLCDIntf_initVar, %object
 264              		.size	GraphicLCDIntf_initVar, 1
 265              	GraphicLCDIntf_initVar:
 266 0000 00       		.space	1
 267              		.text
 268              	.Letext0:
 269              		.file 2 "Generated_Source\\PSoC5\\cytypes.h"
 270              		.section	.debug_info,"",%progbits
 271              	.Ldebug_info0:
 272 0000 C8010000 		.4byte	0x1c8
 273 0004 0400     		.2byte	0x4
 274 0006 00000000 		.4byte	.Ldebug_abbrev0
 275 000a 04       		.byte	0x4
 276 000b 01       		.uleb128 0x1
 277 000c A7010000 		.4byte	.LASF25
 278 0010 0C       		.byte	0xc
 279 0011 16010000 		.4byte	.LASF26
 280 0015 B0000000 		.4byte	.LASF27
 281 0019 00000000 		.4byte	.Ldebug_ranges0+0
 282 001d 00000000 		.4byte	0
 283 0021 00000000 		.4byte	.Ldebug_line0
 284 0025 02       		.uleb128 0x2
 285 0026 01       		.byte	0x1
 286 0027 06       		.byte	0x6
 287 0028 71020000 		.4byte	.LASF0
 288 002c 02       		.uleb128 0x2
 289 002d 01       		.byte	0x1
 290 002e 08       		.byte	0x8
 291 002f 48000000 		.4byte	.LASF1
 292 0033 02       		.uleb128 0x2
 293 0034 02       		.byte	0x2
 294 0035 05       		.byte	0x5
 295 0036 87010000 		.4byte	.LASF2
 296 003a 02       		.uleb128 0x2
 297 003b 02       		.byte	0x2
 298 003c 07       		.byte	0x7
 299 003d 1B000000 		.4byte	.LASF3
 300 0041 02       		.uleb128 0x2
 301 0042 04       		.byte	0x4
 302 0043 05       		.byte	0x5
 303 0044 5C020000 		.4byte	.LASF4
 304 0048 02       		.uleb128 0x2
 305 0049 04       		.byte	0x4
 306 004a 07       		.byte	0x7
 307 004b 5B000000 		.4byte	.LASF5
 308 004f 02       		.uleb128 0x2
 309 0050 08       		.byte	0x8
 310 0051 05       		.byte	0x5
 311 0052 74010000 		.4byte	.LASF6
 312 0056 02       		.uleb128 0x2
 313 0057 08       		.byte	0x8
 314 0058 07       		.byte	0x7
 315 0059 FF000000 		.4byte	.LASF7
 316 005d 03       		.uleb128 0x3
 317 005e 04       		.byte	0x4
ARM GAS  C:\Users\Sava\AppData\Local\Temp\cc3h6qfP.s 			page 11


 318 005f 05       		.byte	0x5
 319 0060 696E7400 		.ascii	"int\000"
 320 0064 02       		.uleb128 0x2
 321 0065 04       		.byte	0x4
 322 0066 07       		.byte	0x7
 323 0067 EB000000 		.4byte	.LASF8
 324 006b 04       		.uleb128 0x4
 325 006c 6D000000 		.4byte	.LASF9
 326 0070 02       		.byte	0x2
 327 0071 E401     		.2byte	0x1e4
 328 0073 2C000000 		.4byte	0x2c
 329 0077 04       		.uleb128 0x4
 330 0078 92000000 		.4byte	.LASF10
 331 007c 02       		.byte	0x2
 332 007d E501     		.2byte	0x1e5
 333 007f 3A000000 		.4byte	0x3a
 334 0083 02       		.uleb128 0x2
 335 0084 04       		.byte	0x4
 336 0085 04       		.byte	0x4
 337 0086 42000000 		.4byte	.LASF11
 338 008a 02       		.uleb128 0x2
 339 008b 08       		.byte	0x8
 340 008c 04       		.byte	0x4
 341 008d 73000000 		.4byte	.LASF12
 342 0091 02       		.uleb128 0x2
 343 0092 01       		.byte	0x1
 344 0093 08       		.byte	0x8
 345 0094 82010000 		.4byte	.LASF13
 346 0098 04       		.uleb128 0x4
 347 0099 56000000 		.4byte	.LASF14
 348 009d 02       		.byte	0x2
 349 009e 8E02     		.2byte	0x28e
 350 00a0 A4000000 		.4byte	0xa4
 351 00a4 05       		.uleb128 0x5
 352 00a5 6B000000 		.4byte	0x6b
 353 00a9 04       		.uleb128 0x4
 354 00aa 00000000 		.4byte	.LASF15
 355 00ae 02       		.byte	0x2
 356 00af 8F02     		.2byte	0x28f
 357 00b1 B5000000 		.4byte	0xb5
 358 00b5 05       		.uleb128 0x5
 359 00b6 77000000 		.4byte	0x77
 360 00ba 02       		.uleb128 0x2
 361 00bb 08       		.byte	0x8
 362 00bc 04       		.byte	0x4
 363 00bd 65020000 		.4byte	.LASF16
 364 00c1 02       		.uleb128 0x2
 365 00c2 04       		.byte	0x4
 366 00c3 07       		.byte	0x7
 367 00c4 55010000 		.4byte	.LASF17
 368 00c8 06       		.uleb128 0x6
 369 00c9 5E010000 		.4byte	.LASF18
 370 00cd 01       		.byte	0x1
 371 00ce 2A       		.byte	0x2a
 372 00cf 00000000 		.4byte	.LFB0
 373 00d3 02000000 		.4byte	.LFE0-.LFB0
 374 00d7 01       		.uleb128 0x1
ARM GAS  C:\Users\Sava\AppData\Local\Temp\cc3h6qfP.s 			page 12


 375 00d8 9C       		.byte	0x9c
 376 00d9 06       		.uleb128 0x6
 377 00da 48020000 		.4byte	.LASF19
 378 00de 01       		.byte	0x1
 379 00df 3E       		.byte	0x3e
 380 00e0 00000000 		.4byte	.LFB1
 381 00e4 14000000 		.4byte	.LFE1-.LFB1
 382 00e8 01       		.uleb128 0x1
 383 00e9 9C       		.byte	0x9c
 384 00ea 07       		.uleb128 0x7
 385 00eb 06000000 		.4byte	.LASF21
 386 00ef 01       		.byte	0x1
 387 00f0 5B       		.byte	0x5b
 388 00f1 00000000 		.4byte	.LFB2
 389 00f5 18000000 		.4byte	.LFE2-.LFB2
 390 00f9 01       		.uleb128 0x1
 391 00fa 9C       		.byte	0x9c
 392 00fb 09010000 		.4byte	0x109
 393 00ff 08       		.uleb128 0x8
 394 0100 0C000000 		.4byte	.LVL0
 395 0104 D9000000 		.4byte	0xd9
 396 0108 00       		.byte	0
 397 0109 06       		.uleb128 0x6
 398 010a 2E000000 		.4byte	.LASF20
 399 010e 01       		.byte	0x1
 400 010f 75       		.byte	0x75
 401 0110 00000000 		.4byte	.LFB3
 402 0114 02000000 		.4byte	.LFE3-.LFB3
 403 0118 01       		.uleb128 0x1
 404 0119 9C       		.byte	0x9c
 405 011a 07       		.uleb128 0x7
 406 011b 3E010000 		.4byte	.LASF22
 407 011f 01       		.byte	0x1
 408 0120 94       		.byte	0x94
 409 0121 00000000 		.4byte	.LFB4
 410 0125 1C000000 		.4byte	.LFE4-.LFB4
 411 0129 01       		.uleb128 0x1
 412 012a 9C       		.byte	0x9c
 413 012b 4A010000 		.4byte	0x14a
 414 012f 09       		.uleb128 0x9
 415 0130 645F6300 		.ascii	"d_c\000"
 416 0134 01       		.byte	0x1
 417 0135 94       		.byte	0x94
 418 0136 6B000000 		.4byte	0x6b
 419 013a 01       		.uleb128 0x1
 420 013b 50       		.byte	0x50
 421 013c 0A       		.uleb128 0xa
 422 013d F8000000 		.4byte	.LASF23
 423 0141 01       		.byte	0x1
 424 0142 94       		.byte	0x94
 425 0143 77000000 		.4byte	0x77
 426 0147 01       		.uleb128 0x1
 427 0148 51       		.byte	0x51
 428 0149 00       		.byte	0
 429 014a 07       		.uleb128 0x7
 430 014b 7A000000 		.4byte	.LASF24
 431 014f 01       		.byte	0x1
ARM GAS  C:\Users\Sava\AppData\Local\Temp\cc3h6qfP.s 			page 13


 432 0150 BF       		.byte	0xbf
 433 0151 00000000 		.4byte	.LFB5
 434 0155 30000000 		.4byte	.LFE5-.LFB5
 435 0159 01       		.uleb128 0x1
 436 015a 9C       		.byte	0x9c
 437 015b 8B010000 		.4byte	0x18b
 438 015f 09       		.uleb128 0x9
 439 0160 645F6300 		.ascii	"d_c\000"
 440 0164 01       		.byte	0x1
 441 0165 BF       		.byte	0xbf
 442 0166 6B000000 		.4byte	0x6b
 443 016a 01       		.uleb128 0x1
 444 016b 50       		.byte	0x50
 445 016c 0B       		.uleb128 0xb
 446 016d F8000000 		.4byte	.LASF23
 447 0171 01       		.byte	0x1
 448 0172 BF       		.byte	0xbf
 449 0173 8B010000 		.4byte	0x18b
 450 0177 00000000 		.4byte	.LLST0
 451 017b 0C       		.uleb128 0xc
 452 017c 6E756D00 		.ascii	"num\000"
 453 0180 01       		.byte	0x1
 454 0181 BF       		.byte	0xbf
 455 0182 77000000 		.4byte	0x77
 456 0186 2B000000 		.4byte	.LLST1
 457 018a 00       		.byte	0
 458 018b 0D       		.uleb128 0xd
 459 018c 04       		.byte	0x4
 460 018d 77000000 		.4byte	0x77
 461 0191 0E       		.uleb128 0xe
 462 0192 91010000 		.4byte	.LASF28
 463 0196 01       		.byte	0x1
 464 0197 E8       		.byte	0xe8
 465 0198 77000000 		.4byte	0x77
 466 019c 00000000 		.4byte	.LFB6
 467 01a0 38000000 		.4byte	.LFE6-.LFB6
 468 01a4 01       		.uleb128 0x1
 469 01a5 9C       		.byte	0x9c
 470 01a6 BA010000 		.4byte	0x1ba
 471 01aa 0C       		.uleb128 0xc
 472 01ab 645F6300 		.ascii	"d_c\000"
 473 01af 01       		.byte	0x1
 474 01b0 E8       		.byte	0xe8
 475 01b1 6B000000 		.4byte	0x6b
 476 01b5 49000000 		.4byte	.LLST2
 477 01b9 00       		.byte	0
 478 01ba 0F       		.uleb128 0xf
 479 01bb 99000000 		.4byte	.LASF29
 480 01bf 01       		.byte	0x1
 481 01c0 14       		.byte	0x14
 482 01c1 6B000000 		.4byte	0x6b
 483 01c5 05       		.uleb128 0x5
 484 01c6 03       		.byte	0x3
 485 01c7 00000000 		.4byte	GraphicLCDIntf_initVar
 486 01cb 00       		.byte	0
 487              		.section	.debug_abbrev,"",%progbits
 488              	.Ldebug_abbrev0:
ARM GAS  C:\Users\Sava\AppData\Local\Temp\cc3h6qfP.s 			page 14


 489 0000 01       		.uleb128 0x1
 490 0001 11       		.uleb128 0x11
 491 0002 01       		.byte	0x1
 492 0003 25       		.uleb128 0x25
 493 0004 0E       		.uleb128 0xe
 494 0005 13       		.uleb128 0x13
 495 0006 0B       		.uleb128 0xb
 496 0007 03       		.uleb128 0x3
 497 0008 0E       		.uleb128 0xe
 498 0009 1B       		.uleb128 0x1b
 499 000a 0E       		.uleb128 0xe
 500 000b 55       		.uleb128 0x55
 501 000c 17       		.uleb128 0x17
 502 000d 11       		.uleb128 0x11
 503 000e 01       		.uleb128 0x1
 504 000f 10       		.uleb128 0x10
 505 0010 17       		.uleb128 0x17
 506 0011 00       		.byte	0
 507 0012 00       		.byte	0
 508 0013 02       		.uleb128 0x2
 509 0014 24       		.uleb128 0x24
 510 0015 00       		.byte	0
 511 0016 0B       		.uleb128 0xb
 512 0017 0B       		.uleb128 0xb
 513 0018 3E       		.uleb128 0x3e
 514 0019 0B       		.uleb128 0xb
 515 001a 03       		.uleb128 0x3
 516 001b 0E       		.uleb128 0xe
 517 001c 00       		.byte	0
 518 001d 00       		.byte	0
 519 001e 03       		.uleb128 0x3
 520 001f 24       		.uleb128 0x24
 521 0020 00       		.byte	0
 522 0021 0B       		.uleb128 0xb
 523 0022 0B       		.uleb128 0xb
 524 0023 3E       		.uleb128 0x3e
 525 0024 0B       		.uleb128 0xb
 526 0025 03       		.uleb128 0x3
 527 0026 08       		.uleb128 0x8
 528 0027 00       		.byte	0
 529 0028 00       		.byte	0
 530 0029 04       		.uleb128 0x4
 531 002a 16       		.uleb128 0x16
 532 002b 00       		.byte	0
 533 002c 03       		.uleb128 0x3
 534 002d 0E       		.uleb128 0xe
 535 002e 3A       		.uleb128 0x3a
 536 002f 0B       		.uleb128 0xb
 537 0030 3B       		.uleb128 0x3b
 538 0031 05       		.uleb128 0x5
 539 0032 49       		.uleb128 0x49
 540 0033 13       		.uleb128 0x13
 541 0034 00       		.byte	0
 542 0035 00       		.byte	0
 543 0036 05       		.uleb128 0x5
 544 0037 35       		.uleb128 0x35
 545 0038 00       		.byte	0
ARM GAS  C:\Users\Sava\AppData\Local\Temp\cc3h6qfP.s 			page 15


 546 0039 49       		.uleb128 0x49
 547 003a 13       		.uleb128 0x13
 548 003b 00       		.byte	0
 549 003c 00       		.byte	0
 550 003d 06       		.uleb128 0x6
 551 003e 2E       		.uleb128 0x2e
 552 003f 00       		.byte	0
 553 0040 3F       		.uleb128 0x3f
 554 0041 19       		.uleb128 0x19
 555 0042 03       		.uleb128 0x3
 556 0043 0E       		.uleb128 0xe
 557 0044 3A       		.uleb128 0x3a
 558 0045 0B       		.uleb128 0xb
 559 0046 3B       		.uleb128 0x3b
 560 0047 0B       		.uleb128 0xb
 561 0048 27       		.uleb128 0x27
 562 0049 19       		.uleb128 0x19
 563 004a 11       		.uleb128 0x11
 564 004b 01       		.uleb128 0x1
 565 004c 12       		.uleb128 0x12
 566 004d 06       		.uleb128 0x6
 567 004e 40       		.uleb128 0x40
 568 004f 18       		.uleb128 0x18
 569 0050 9742     		.uleb128 0x2117
 570 0052 19       		.uleb128 0x19
 571 0053 00       		.byte	0
 572 0054 00       		.byte	0
 573 0055 07       		.uleb128 0x7
 574 0056 2E       		.uleb128 0x2e
 575 0057 01       		.byte	0x1
 576 0058 3F       		.uleb128 0x3f
 577 0059 19       		.uleb128 0x19
 578 005a 03       		.uleb128 0x3
 579 005b 0E       		.uleb128 0xe
 580 005c 3A       		.uleb128 0x3a
 581 005d 0B       		.uleb128 0xb
 582 005e 3B       		.uleb128 0x3b
 583 005f 0B       		.uleb128 0xb
 584 0060 27       		.uleb128 0x27
 585 0061 19       		.uleb128 0x19
 586 0062 11       		.uleb128 0x11
 587 0063 01       		.uleb128 0x1
 588 0064 12       		.uleb128 0x12
 589 0065 06       		.uleb128 0x6
 590 0066 40       		.uleb128 0x40
 591 0067 18       		.uleb128 0x18
 592 0068 9742     		.uleb128 0x2117
 593 006a 19       		.uleb128 0x19
 594 006b 01       		.uleb128 0x1
 595 006c 13       		.uleb128 0x13
 596 006d 00       		.byte	0
 597 006e 00       		.byte	0
 598 006f 08       		.uleb128 0x8
 599 0070 898201   		.uleb128 0x4109
 600 0073 00       		.byte	0
 601 0074 11       		.uleb128 0x11
 602 0075 01       		.uleb128 0x1
ARM GAS  C:\Users\Sava\AppData\Local\Temp\cc3h6qfP.s 			page 16


 603 0076 31       		.uleb128 0x31
 604 0077 13       		.uleb128 0x13
 605 0078 00       		.byte	0
 606 0079 00       		.byte	0
 607 007a 09       		.uleb128 0x9
 608 007b 05       		.uleb128 0x5
 609 007c 00       		.byte	0
 610 007d 03       		.uleb128 0x3
 611 007e 08       		.uleb128 0x8
 612 007f 3A       		.uleb128 0x3a
 613 0080 0B       		.uleb128 0xb
 614 0081 3B       		.uleb128 0x3b
 615 0082 0B       		.uleb128 0xb
 616 0083 49       		.uleb128 0x49
 617 0084 13       		.uleb128 0x13
 618 0085 02       		.uleb128 0x2
 619 0086 18       		.uleb128 0x18
 620 0087 00       		.byte	0
 621 0088 00       		.byte	0
 622 0089 0A       		.uleb128 0xa
 623 008a 05       		.uleb128 0x5
 624 008b 00       		.byte	0
 625 008c 03       		.uleb128 0x3
 626 008d 0E       		.uleb128 0xe
 627 008e 3A       		.uleb128 0x3a
 628 008f 0B       		.uleb128 0xb
 629 0090 3B       		.uleb128 0x3b
 630 0091 0B       		.uleb128 0xb
 631 0092 49       		.uleb128 0x49
 632 0093 13       		.uleb128 0x13
 633 0094 02       		.uleb128 0x2
 634 0095 18       		.uleb128 0x18
 635 0096 00       		.byte	0
 636 0097 00       		.byte	0
 637 0098 0B       		.uleb128 0xb
 638 0099 05       		.uleb128 0x5
 639 009a 00       		.byte	0
 640 009b 03       		.uleb128 0x3
 641 009c 0E       		.uleb128 0xe
 642 009d 3A       		.uleb128 0x3a
 643 009e 0B       		.uleb128 0xb
 644 009f 3B       		.uleb128 0x3b
 645 00a0 0B       		.uleb128 0xb
 646 00a1 49       		.uleb128 0x49
 647 00a2 13       		.uleb128 0x13
 648 00a3 02       		.uleb128 0x2
 649 00a4 17       		.uleb128 0x17
 650 00a5 00       		.byte	0
 651 00a6 00       		.byte	0
 652 00a7 0C       		.uleb128 0xc
 653 00a8 05       		.uleb128 0x5
 654 00a9 00       		.byte	0
 655 00aa 03       		.uleb128 0x3
 656 00ab 08       		.uleb128 0x8
 657 00ac 3A       		.uleb128 0x3a
 658 00ad 0B       		.uleb128 0xb
 659 00ae 3B       		.uleb128 0x3b
ARM GAS  C:\Users\Sava\AppData\Local\Temp\cc3h6qfP.s 			page 17


 660 00af 0B       		.uleb128 0xb
 661 00b0 49       		.uleb128 0x49
 662 00b1 13       		.uleb128 0x13
 663 00b2 02       		.uleb128 0x2
 664 00b3 17       		.uleb128 0x17
 665 00b4 00       		.byte	0
 666 00b5 00       		.byte	0
 667 00b6 0D       		.uleb128 0xd
 668 00b7 0F       		.uleb128 0xf
 669 00b8 00       		.byte	0
 670 00b9 0B       		.uleb128 0xb
 671 00ba 0B       		.uleb128 0xb
 672 00bb 49       		.uleb128 0x49
 673 00bc 13       		.uleb128 0x13
 674 00bd 00       		.byte	0
 675 00be 00       		.byte	0
 676 00bf 0E       		.uleb128 0xe
 677 00c0 2E       		.uleb128 0x2e
 678 00c1 01       		.byte	0x1
 679 00c2 3F       		.uleb128 0x3f
 680 00c3 19       		.uleb128 0x19
 681 00c4 03       		.uleb128 0x3
 682 00c5 0E       		.uleb128 0xe
 683 00c6 3A       		.uleb128 0x3a
 684 00c7 0B       		.uleb128 0xb
 685 00c8 3B       		.uleb128 0x3b
 686 00c9 0B       		.uleb128 0xb
 687 00ca 27       		.uleb128 0x27
 688 00cb 19       		.uleb128 0x19
 689 00cc 49       		.uleb128 0x49
 690 00cd 13       		.uleb128 0x13
 691 00ce 11       		.uleb128 0x11
 692 00cf 01       		.uleb128 0x1
 693 00d0 12       		.uleb128 0x12
 694 00d1 06       		.uleb128 0x6
 695 00d2 40       		.uleb128 0x40
 696 00d3 18       		.uleb128 0x18
 697 00d4 9742     		.uleb128 0x2117
 698 00d6 19       		.uleb128 0x19
 699 00d7 01       		.uleb128 0x1
 700 00d8 13       		.uleb128 0x13
 701 00d9 00       		.byte	0
 702 00da 00       		.byte	0
 703 00db 0F       		.uleb128 0xf
 704 00dc 34       		.uleb128 0x34
 705 00dd 00       		.byte	0
 706 00de 03       		.uleb128 0x3
 707 00df 0E       		.uleb128 0xe
 708 00e0 3A       		.uleb128 0x3a
 709 00e1 0B       		.uleb128 0xb
 710 00e2 3B       		.uleb128 0x3b
 711 00e3 0B       		.uleb128 0xb
 712 00e4 49       		.uleb128 0x49
 713 00e5 13       		.uleb128 0x13
 714 00e6 3F       		.uleb128 0x3f
 715 00e7 19       		.uleb128 0x19
 716 00e8 02       		.uleb128 0x2
ARM GAS  C:\Users\Sava\AppData\Local\Temp\cc3h6qfP.s 			page 18


 717 00e9 18       		.uleb128 0x18
 718 00ea 00       		.byte	0
 719 00eb 00       		.byte	0
 720 00ec 00       		.byte	0
 721              		.section	.debug_loc,"",%progbits
 722              	.Ldebug_loc0:
 723              	.LLST0:
 724 0000 00000000 		.4byte	.LVL2
 725 0004 12000000 		.4byte	.LVL3
 726 0008 0100     		.2byte	0x1
 727 000a 51       		.byte	0x51
 728 000b 12000000 		.4byte	.LVL3
 729 000f 1E000000 		.4byte	.LVL6
 730 0013 0300     		.2byte	0x3
 731 0015 71       		.byte	0x71
 732 0016 02       		.sleb128 2
 733 0017 9F       		.byte	0x9f
 734 0018 1E000000 		.4byte	.LVL6
 735 001c 30000000 		.4byte	.LFE5
 736 0020 0100     		.2byte	0x1
 737 0022 51       		.byte	0x51
 738 0023 00000000 		.4byte	0
 739 0027 00000000 		.4byte	0
 740              	.LLST1:
 741 002b 00000000 		.4byte	.LVL2
 742 002f 1A000000 		.4byte	.LVL4
 743 0033 0100     		.2byte	0x1
 744 0035 52       		.byte	0x52
 745 0036 1C000000 		.4byte	.LVL5
 746 003a 30000000 		.4byte	.LFE5
 747 003e 0100     		.2byte	0x1
 748 0040 52       		.byte	0x52
 749 0041 00000000 		.4byte	0
 750 0045 00000000 		.4byte	0
 751              	.LLST2:
 752 0049 00000000 		.4byte	.LVL7
 753 004d 0E000000 		.4byte	.LVL8
 754 0051 0100     		.2byte	0x1
 755 0053 50       		.byte	0x50
 756 0054 0E000000 		.4byte	.LVL8
 757 0058 38000000 		.4byte	.LFE6
 758 005c 0400     		.2byte	0x4
 759 005e F3       		.byte	0xf3
 760 005f 01       		.uleb128 0x1
 761 0060 50       		.byte	0x50
 762 0061 9F       		.byte	0x9f
 763 0062 00000000 		.4byte	0
 764 0066 00000000 		.4byte	0
 765              		.section	.debug_aranges,"",%progbits
 766 0000 4C000000 		.4byte	0x4c
 767 0004 0200     		.2byte	0x2
 768 0006 00000000 		.4byte	.Ldebug_info0
 769 000a 04       		.byte	0x4
 770 000b 00       		.byte	0
 771 000c 0000     		.2byte	0
 772 000e 0000     		.2byte	0
 773 0010 00000000 		.4byte	.LFB0
ARM GAS  C:\Users\Sava\AppData\Local\Temp\cc3h6qfP.s 			page 19


 774 0014 02000000 		.4byte	.LFE0-.LFB0
 775 0018 00000000 		.4byte	.LFB1
 776 001c 14000000 		.4byte	.LFE1-.LFB1
 777 0020 00000000 		.4byte	.LFB2
 778 0024 18000000 		.4byte	.LFE2-.LFB2
 779 0028 00000000 		.4byte	.LFB3
 780 002c 02000000 		.4byte	.LFE3-.LFB3
 781 0030 00000000 		.4byte	.LFB4
 782 0034 1C000000 		.4byte	.LFE4-.LFB4
 783 0038 00000000 		.4byte	.LFB5
 784 003c 30000000 		.4byte	.LFE5-.LFB5
 785 0040 00000000 		.4byte	.LFB6
 786 0044 38000000 		.4byte	.LFE6-.LFB6
 787 0048 00000000 		.4byte	0
 788 004c 00000000 		.4byte	0
 789              		.section	.debug_ranges,"",%progbits
 790              	.Ldebug_ranges0:
 791 0000 00000000 		.4byte	.LFB0
 792 0004 02000000 		.4byte	.LFE0
 793 0008 00000000 		.4byte	.LFB1
 794 000c 14000000 		.4byte	.LFE1
 795 0010 00000000 		.4byte	.LFB2
 796 0014 18000000 		.4byte	.LFE2
 797 0018 00000000 		.4byte	.LFB3
 798 001c 02000000 		.4byte	.LFE3
 799 0020 00000000 		.4byte	.LFB4
 800 0024 1C000000 		.4byte	.LFE4
 801 0028 00000000 		.4byte	.LFB5
 802 002c 30000000 		.4byte	.LFE5
 803 0030 00000000 		.4byte	.LFB6
 804 0034 38000000 		.4byte	.LFE6
 805 0038 00000000 		.4byte	0
 806 003c 00000000 		.4byte	0
 807              		.section	.debug_line,"",%progbits
 808              	.Ldebug_line0:
 809 0000 F0000000 		.section	.debug_str,"MS",%progbits,1
 809      02004B00 
 809      00000201 
 809      FB0E0D00 
 809      01010101 
 810              	.LASF15:
 811 0000 72656731 		.ascii	"reg16\000"
 811      3600
 812              	.LASF21:
 813 0006 47726170 		.ascii	"GraphicLCDIntf_Start\000"
 813      6869634C 
 813      4344496E 
 813      74665F53 
 813      74617274 
 814              	.LASF3:
 815 001b 73686F72 		.ascii	"short unsigned int\000"
 815      7420756E 
 815      7369676E 
 815      65642069 
 815      6E7400
 816              	.LASF20:
 817 002e 47726170 		.ascii	"GraphicLCDIntf_Stop\000"
ARM GAS  C:\Users\Sava\AppData\Local\Temp\cc3h6qfP.s 			page 20


 817      6869634C 
 817      4344496E 
 817      74665F53 
 817      746F7000 
 818              	.LASF11:
 819 0042 666C6F61 		.ascii	"float\000"
 819      7400
 820              	.LASF1:
 821 0048 756E7369 		.ascii	"unsigned char\000"
 821      676E6564 
 821      20636861 
 821      7200
 822              	.LASF14:
 823 0056 72656738 		.ascii	"reg8\000"
 823      00
 824              	.LASF5:
 825 005b 6C6F6E67 		.ascii	"long unsigned int\000"
 825      20756E73 
 825      69676E65 
 825      6420696E 
 825      7400
 826              	.LASF9:
 827 006d 75696E74 		.ascii	"uint8\000"
 827      3800
 828              	.LASF12:
 829 0073 646F7562 		.ascii	"double\000"
 829      6C6500
 830              	.LASF24:
 831 007a 47726170 		.ascii	"GraphicLCDIntf_WriteM16\000"
 831      6869634C 
 831      4344496E 
 831      74665F57 
 831      72697465 
 832              	.LASF10:
 833 0092 75696E74 		.ascii	"uint16\000"
 833      313600
 834              	.LASF29:
 835 0099 47726170 		.ascii	"GraphicLCDIntf_initVar\000"
 835      6869634C 
 835      4344496E 
 835      74665F69 
 835      6E697456 
 836              	.LASF27:
 837 00b0 443A5C47 		.ascii	"D:\\GitHub\\PSoC5_uGUI_SD_Sample\\PSoC_Project\\TFT"
 837      69744875 
 837      625C5053 
 837      6F43355F 
 837      75475549 
 838 00df 5F746573 		.ascii	"_test.cydsn\000"
 838      742E6379 
 838      64736E00 
 839              	.LASF8:
 840 00eb 756E7369 		.ascii	"unsigned int\000"
 840      676E6564 
 840      20696E74 
 840      00
 841              	.LASF23:
ARM GAS  C:\Users\Sava\AppData\Local\Temp\cc3h6qfP.s 			page 21


 842 00f8 77724461 		.ascii	"wrData\000"
 842      746100
 843              	.LASF7:
 844 00ff 6C6F6E67 		.ascii	"long long unsigned int\000"
 844      206C6F6E 
 844      6720756E 
 844      7369676E 
 844      65642069 
 845              	.LASF26:
 846 0116 47656E65 		.ascii	"Generated_Source\\PSoC5\\GraphicLCDIntf.c\000"
 846      72617465 
 846      645F536F 
 846      75726365 
 846      5C50536F 
 847              	.LASF22:
 848 013e 47726170 		.ascii	"GraphicLCDIntf_Write16\000"
 848      6869634C 
 848      4344496E 
 848      74665F57 
 848      72697465 
 849              	.LASF17:
 850 0155 73697A65 		.ascii	"sizetype\000"
 850      74797065 
 850      00
 851              	.LASF18:
 852 015e 47726170 		.ascii	"GraphicLCDIntf_Enable\000"
 852      6869634C 
 852      4344496E 
 852      74665F45 
 852      6E61626C 
 853              	.LASF6:
 854 0174 6C6F6E67 		.ascii	"long long int\000"
 854      206C6F6E 
 854      6720696E 
 854      7400
 855              	.LASF13:
 856 0182 63686172 		.ascii	"char\000"
 856      00
 857              	.LASF2:
 858 0187 73686F72 		.ascii	"short int\000"
 858      7420696E 
 858      7400
 859              	.LASF28:
 860 0191 47726170 		.ascii	"GraphicLCDIntf_Read16\000"
 860      6869634C 
 860      4344496E 
 860      74665F52 
 860      65616431 
 861              	.LASF25:
 862 01a7 474E5520 		.ascii	"GNU C11 5.4.1 20160609 (release) [ARM/embedded-5-br"
 862      43313120 
 862      352E342E 
 862      31203230 
 862      31363036 
 863 01da 616E6368 		.ascii	"anch revision 237715] -mcpu=cortex-m3 -mthumb -g -O"
 863      20726576 
 863      6973696F 
ARM GAS  C:\Users\Sava\AppData\Local\Temp\cc3h6qfP.s 			page 22


 863      6E203233 
 863      37373135 
 864 020d 67202D66 		.ascii	"g -ffunction-sections -ffat-lto-objects -finline-fu"
 864      66756E63 
 864      74696F6E 
 864      2D736563 
 864      74696F6E 
 865 0240 6E637469 		.ascii	"nctions\000"
 865      6F6E7300 
 866              	.LASF19:
 867 0248 47726170 		.ascii	"GraphicLCDIntf_Init\000"
 867      6869634C 
 867      4344496E 
 867      74665F49 
 867      6E697400 
 868              	.LASF4:
 869 025c 6C6F6E67 		.ascii	"long int\000"
 869      20696E74 
 869      00
 870              	.LASF16:
 871 0265 6C6F6E67 		.ascii	"long double\000"
 871      20646F75 
 871      626C6500 
 872              	.LASF0:
 873 0271 7369676E 		.ascii	"signed char\000"
 873      65642063 
 873      68617200 
 874              		.ident	"GCC: (GNU Tools for ARM Embedded Processors) 5.4.1 20160609 (release) [ARM/embedded-5-bran
