Archive member included to satisfy reference by file (symbol)

.\CortexM3\ARM_GCC_541\Debug\TFT_test.a(D_BL.o)
                              .\CortexM3\ARM_GCC_541\Debug\main.o (D_BL_Write)
.\CortexM3\ARM_GCC_541\Debug\TFT_test.a(GraphicLCDIntf.o)
                              .\CortexM3\ARM_GCC_541\Debug\main.o (GraphicLCDIntf_Start)
.\CortexM3\ARM_GCC_541\Debug\TFT_test.a(D_RST.o)
                              .\CortexM3\ARM_GCC_541\Debug\ugui_SSD1963.o (D_RST_Write)
.\CortexM3\ARM_GCC_541\Debug\TFT_test.a(T_CS.o)
                              .\CortexM3\ARM_GCC_541\Debug\XPT2046.o (T_CS_Write)
.\CortexM3\ARM_GCC_541\Debug\TFT_test.a(T_CLK.o)
                              .\CortexM3\ARM_GCC_541\Debug\XPT2046.o (T_CLK_Write)
.\CortexM3\ARM_GCC_541\Debug\TFT_test.a(T_DIN.o)
                              .\CortexM3\ARM_GCC_541\Debug\XPT2046.o (T_DIN_Write)
.\CortexM3\ARM_GCC_541\Debug\TFT_test.a(T_DO.o)
                              .\CortexM3\ARM_GCC_541\Debug\XPT2046.o (T_DO_Read)
.\CortexM3\ARM_GCC_541\Debug\TFT_test.a(T_IRQ.o)
                              .\CortexM3\ARM_GCC_541\Debug\main.o (T_IRQ_Read)
.\CortexM3\ARM_GCC_541\Debug\TFT_test.a(LED3.o)
                              .\CortexM3\ARM_GCC_541\Debug\main.o (LED3_Write)
.\CortexM3\ARM_GCC_541\Debug\TFT_test.a(LED4.o)
                              .\CortexM3\ARM_GCC_541\Debug\main.o (LED4_Write)
.\CortexM3\ARM_GCC_541\Debug\TFT_test.a(SPI.o)
                              .\CortexM3\ARM_GCC_541\Debug\sdcard.o (SPI_WriteTxData)
.\CortexM3\ARM_GCC_541\Debug\TFT_test.a(SPI_SS.o)
                              .\CortexM3\ARM_GCC_541\Debug\main.o (SPI_SS_Write)
.\CortexM3\ARM_GCC_541\Debug\TFT_test.a(SPI_IntClock.o)
                              .\CortexM3\ARM_GCC_541\Debug\TFT_test.a(SPI.o) (SPI_IntClock_Start)
.\CortexM3\ARM_GCC_541\Debug\TFT_test.a(CyLib.o)
                              .\CortexM3\ARM_GCC_541\Debug\Cm3Start.o (CyHalt)
.\CortexM3\ARM_GCC_541\Debug\TFT_test.a(cyPm.o)
                              .\CortexM3\ARM_GCC_541\Debug\TFT_test.a(CyLib.o) (CyPmReadStatus)
.\CortexM3\ARM_GCC_541\Debug\TFT_test.a(CyBootAsmGnu.o)
                              .\CortexM3\ARM_GCC_541\Debug\XPT2046.o (CyDelayCycles)
.\CortexM3\ARM_GCC_541\Debug\TFT_test.a(CyFlash.o)
                              .\CortexM3\ARM_GCC_541\Debug\TFT_test.a(cyPm.o) (CyFlash_SetWaitCycles)
.\CortexM3\ARM_GCC_541\Debug\TFT_test.a(CySpc.o)
                              .\CortexM3\ARM_GCC_541\Debug\TFT_test.a(CyFlash.o) (CySpcStart)
c:/program files (x86)/cypress/psoc creator/4.2/psoc creator/import/gnu/arm/5.4.1/bin/../lib/gcc/arm-none-eabi/5.4.1/../../../../arm-none-eabi/lib/armv7-m\libg_nano.a(lib_a-errno.o)
                              .\CortexM3\ARM_GCC_541\Debug\Cm3Start.o (__errno)
c:/program files (x86)/cypress/psoc creator/4.2/psoc creator/import/gnu/arm/5.4.1/bin/../lib/gcc/arm-none-eabi/5.4.1/../../../../arm-none-eabi/lib/armv7-m\libg_nano.a(lib_a-exit.o)
                              c:/program files (x86)/cypress/psoc creator/4.2/psoc creator/import/gnu/arm/5.4.1/bin/../lib/gcc/arm-none-eabi/5.4.1/../../../../arm-none-eabi/lib/armv7-m/crt0.o (exit)
c:/program files (x86)/cypress/psoc creator/4.2/psoc creator/import/gnu/arm/5.4.1/bin/../lib/gcc/arm-none-eabi/5.4.1/../../../../arm-none-eabi/lib/armv7-m\libg_nano.a(lib_a-impure.o)
                              c:/program files (x86)/cypress/psoc creator/4.2/psoc creator/import/gnu/arm/5.4.1/bin/../lib/gcc/arm-none-eabi/5.4.1/../../../../arm-none-eabi/lib/armv7-m\libg_nano.a(lib_a-exit.o) (_global_impure_ptr)
c:/program files (x86)/cypress/psoc creator/4.2/psoc creator/import/gnu/arm/5.4.1/bin/../lib/gcc/arm-none-eabi/5.4.1/../../../../arm-none-eabi/lib/armv7-m\libg_nano.a(lib_a-init.o)
                              c:/program files (x86)/cypress/psoc creator/4.2/psoc creator/import/gnu/arm/5.4.1/bin/../lib/gcc/arm-none-eabi/5.4.1/../../../../arm-none-eabi/lib/armv7-m/crt0.o (__libc_init_array)
c:/program files (x86)/cypress/psoc creator/4.2/psoc creator/import/gnu/arm/5.4.1/bin/../lib/gcc/arm-none-eabi/5.4.1/../../../../arm-none-eabi/lib/armv7-m\libg_nano.a(lib_a-memcpy-stub.o)
                              .\CortexM3\ARM_GCC_541\Debug\cyfitter_cfg.o (memcpy)
c:/program files (x86)/cypress/psoc creator/4.2/psoc creator/import/gnu/arm/5.4.1/bin/../lib/gcc/arm-none-eabi/5.4.1/../../../../arm-none-eabi/lib/armv7-m\libg_nano.a(lib_a-memset.o)
                              c:/program files (x86)/cypress/psoc creator/4.2/psoc creator/import/gnu/arm/5.4.1/bin/../lib/gcc/arm-none-eabi/5.4.1/../../../../arm-none-eabi/lib/armv7-m/crt0.o (memset)
c:/program files (x86)/cypress/psoc creator/4.2/psoc creator/import/gnu/arm/5.4.1/bin/../lib/gcc/arm-none-eabi/5.4.1/../../../../arm-none-eabi/lib/armv7-m\libg_nano.a(lib_a-sprintf.o)
                              .\CortexM3\ARM_GCC_541\Debug\main.o (sprintf)
[...]
Memory Configuration

Name             Origin             Length             Attributes
rom              0x00000000         0x00040000         xr
ram              0x1fff8000         0x00010000         xrw
*default*        0x00000000         0xffffffff

Linker script and memory map

LOAD c:/program files (x86)/cypress/psoc creator/4.2/psoc creator/import/gnu/arm/5.4.1/bin/../lib/gcc/arm-none-eabi/5.4.1/armv7-m/crti.o
LOAD c:/program files (x86)/cypress/psoc creator/4.2/psoc creator/import/gnu/arm/5.4.1/bin/../lib/gcc/arm-none-eabi/5.4.1/armv7-m/crtbegin.o
LOAD c:/program files (x86)/cypress/psoc creator/4.2/psoc creator/import/gnu/arm/5.4.1/bin/../lib/gcc/arm-none-eabi/5.4.1/../../../../arm-none-eabi/lib/armv7-m/crt0.o
START GROUP
LOAD .\CortexM3\ARM_GCC_541\Debug\main.o
LOAD .\CortexM3\ARM_GCC_541\Debug\ugui_SSD1963.o
LOAD .\CortexM3\ARM_GCC_541\Debug\ugui.o
LOAD .\CortexM3\ARM_GCC_541\Debug\Capture.o
LOAD .\CortexM3\ARM_GCC_541\Debug\XPT2046.o
LOAD .\CortexM3\ARM_GCC_541\Debug\ff.o
LOAD .\CortexM3\ARM_GCC_541\Debug\sdcard.o
LOAD .\CortexM3\ARM_GCC_541\Debug\rtc.o
LOAD .\CortexM3\ARM_GCC_541\Debug\cyfitter_cfg.o
LOAD .\CortexM3\ARM_GCC_541\Debug\cymetadata.o
LOAD .\CortexM3\ARM_GCC_541\Debug\Cm3Start.o
LOAD .\CortexM3\ARM_GCC_541\Debug\TFT_test.a
LOAD C:\Program Files (x86)\Cypress\PSoC Creator\4.2\PSoC Creator\psoc\content\cycomponentlibrary\CyComponentLibrary.cylib\CortexM3\ARM_GCC_541\Debug\CyComponentLibrary.a
END GROUP
START GROUP
LOAD c:/program files (x86)/cypress/psoc creator/4.2/psoc creator/import/gnu/arm/5.4.1/bin/../lib/gcc/arm-none-eabi/5.4.1/armv7-m\libgcc.a
LOAD c:/program files (x86)/cypress/psoc creator/4.2/psoc creator/import/gnu/arm/5.4.1/bin/../lib/gcc/arm-none-eabi/5.4.1/../../../../arm-none-eabi/lib/armv7-m\libg_nano.a
LOAD c:/program files (x86)/cypress/psoc creator/4.2/psoc creator/import/gnu/arm/5.4.1/bin/../lib/gcc/arm-none-eabi/5.4.1/../../../../arm-none-eabi/lib/armv7-m\libc_nano.a
END GROUP
START GROUP
LOAD c:/program files (x86)/cypress/psoc creator/4.2/psoc creator/import/gnu/arm/5.4.1/bin/../lib/gcc/arm-none-eabi/5.4.1/armv7-m\libgcc.a
LOAD c:/program files (x86)/cypress/psoc creator/4.2/psoc creator/import/gnu/arm/5.4.1/bin/../lib/gcc/arm-none-eabi/5.4.1/../../../../arm-none-eabi/lib/armv7-m\libc_nano.a
END GROUP
LOAD c:/program files (x86)/cypress/psoc creator/4.2/psoc creator/import/gnu/arm/5.4.1/bin/../lib/gcc/arm-none-eabi/5.4.1/armv7-m/crtend.o
LOAD c:/program files (x86)/cypress/psoc creator/4.2/psoc creator/import/gnu/arm/5.4.1/bin/../lib/gcc/arm-none-eabi/5.4.1/armv7-m/crtn.o
START GROUP
LOAD c:/program files (x86)/cypress/psoc creator/4.2/psoc creator/import/gnu/arm/5.4.1/bin/../lib/gcc/arm-none-eabi/5.4.1/armv7-m\libgcc.a
LOAD c:/program files (x86)/cypress/psoc creator/4.2/psoc creator/import/gnu/arm/5.4.1/bin/../lib/gcc/arm-none-eabi/5.4.1/../../../../arm-none-eabi/lib/armv7-m\libc.a
LOAD c:/program files (x86)/cypress/psoc creator/4.2/psoc creator/import/gnu/arm/5.4.1/bin/../lib/gcc/arm-none-eabi/5.4.1/../../../../arm-none-eabi/lib/armv7-m\libnosys.a
END GROUP
                0x00000000                CY_APPL_ORIGIN = 0x0
                0x00000100                CY_FLASH_ROW_SIZE = 0x100
                0x00000020                CY_ECC_ROW_SIZE = 0x20
                0x00000000                CY_EE_IN_BTLDR = 0x0
                0x00000000                CY_APPL_LOADABLE = 0x0
                0x00000800                CY_EE_SIZE = 0x800
                0x00000001                CY_APPL_NUM = 0x1
                0x00000001                CY_APPL_MAX = 0x1
                0x00000040                CY_METADATA_SIZE = 0x40
                0x00000000                CY_APPL_LOADABLE = 0x0
                0x00000000                CY_CHECKSUM_EXCLUDE_SIZE = ALIGN (0x0, CY_FLASH_ROW_SIZE)
                [!provide]                PROVIDE (__cy_heap_start, _end)
                0x00000001                PROVIDE (__cy_region_num, ((__cy_regions_end - __cy_regions) / 0x10))
                0x20008000                PROVIDE (__cy_stack, (ORIGIN (ram) + LENGTH (ram)))
                [!provide]                PROVIDE (__cy_heap_end, (__cy_stack - 0x4000))

.cybootloader   0x00000000        0x0
 *(.cybootloader)
                0x00000000                appl1_start = CY_APPL_ORIGIN?CY_APPL_ORIGIN:ALIGN (CY_FLASH_ROW_SIZE)
                0x0001ff00                appl2_start = (appl1_start + ALIGN ((((LENGTH (rom) - appl1_start) - (0x2 * CY_FLASH_ROW_SIZE)) / 0x2), CY_FLASH_ROW_SIZE))
                0x00000000                appl_start = (CY_APPL_NUM == 0x1)?appl1_start:appl2_start
                0x00000000                ecc_offset = ((appl_start / CY_FLASH_ROW_SIZE) * CY_ECC_ROW_SIZE)
                0x00000000                ee_offset = (CY_APPL_LOADABLE && ! (CY_EE_IN_BTLDR))?((CY_EE_SIZE / CY_APPL_MAX) * (CY_APPL_NUM - 0x1)):0x0
                0x00000800                ee_size = (CY_APPL_LOADABLE && ! (CY_EE_IN_BTLDR))?(CY_EE_SIZE / CY_APPL_MAX):CY_EE_SIZE
                [!provide]                PROVIDE (CY_ECC_OFFSET, ecc_offset)

.text           0x00000000     0x4f18
 CREATE_OBJECT_SYMBOLS
                0x00000000                PROVIDE (__cy_interrupt_vector, RomVectors)
 *(.romvectors)
 .romvectors    0x00000000       0x10 .\CortexM3\ARM_GCC_541\Debug\Cm3Start.o
                0x00000000                RomVectors
                0x00000001                ASSERT ((. != __cy_interrupt_vector), No interrupt vector)
                0x00000001                ASSERT (CY_APPL_ORIGIN?(SIZEOF (.cybootloader) <= CY_APPL_ORIGIN):0x1, Wrong image location)
                0x00000010                PROVIDE (__cy_reset, Reset)
 *(.text.Reset)
 .text.Reset    0x00000010       0x18 .\CortexM3\ARM_GCC_541\Debug\Cm3Start.o
                0x00000010                Reset
                0x00000001                ASSERT ((. != __cy_reset), No reset code)
 *(.dma_init)
                0x00000001                ASSERT ((((appl_start + .) <= 0x10000) || 0x1), DMA Init must be within the first 64k of flash)
 *(.text .text.* .gnu.linkonce.t.*)
 .text          0x00000028       0x5c c:/program files (x86)/cypress/psoc creator/4.2/psoc creator/import/gnu/arm/5.4.1/bin/../lib/gcc/arm-none-eabi/5.4.1/armv7-m/crtbegin.o
 .text.window_1_callback
                0x00000084      0x13c .\CortexM3\ARM_GCC_541\Debug\main.o
                0x00000084                window_1_callback
 .text.main     0x000001c0      0x494 .\CortexM3\ARM_GCC_541\Debug\main.o
                0x000001c0                main
 .text.Display_Init
                0x00000654      0x21c .\CortexM3\ARM_GCC_541\Debug\ugui_SSD1963.o
                0x00000654                Display_Init
 .text.Display_WindowSet
                0x00000870       0x60 .\CortexM3\ARM_GCC_541\Debug\ugui_SSD1963.o
                0x00000870                Display_WindowSet
 .text.Display_PSet
                0x000008d0       0x38 .\CortexM3\ARM_GCC_541\Debug\ugui_SSD1963.o
                0x000008d0                Display_PSet
 .text.HW_FillFrame
                0x00000908       0xa4 .\CortexM3\ARM_GCC_541\Debug\ugui_SSD1963.o
                0x00000908                HW_FillFrame
 .text.HW_DrawLine
                0x000009ac       0x6c .\CortexM3\ARM_GCC_541\Debug\ugui_SSD1963.o
                0x000009ac                HW_DrawLine
 .text.HW_DrawImage
                0x00000a18       0x6c .\CortexM3\ARM_GCC_541\Debug\ugui_SSD1963.o
                0x00000a18                HW_DrawImage
 .text.DrawExImage
                0x00000a84       0x94 .\CortexM3\ARM_GCC_541\Debug\ugui_SSD1963.o
                0x00000a84                DrawExImage
 .text.UG_Init  0x00000b18       0x74 .\CortexM3\ARM_GCC_541\Debug\ugui.o
                0x00000b18                UG_Init
 .text.UG_FontSelect
                0x00000b8c       0x1c .\CortexM3\ARM_GCC_541\Debug\ugui.o
                0x00000b8c                UG_FontSelect
 .text.UG_FillFrame
                0x00000ba8       0x70 .\CortexM3\ARM_GCC_541\Debug\ugui.o
                0x00000ba8                UG_FillFrame
 .text.UG_FillScreen
                0x00000c18       0x2c .\CortexM3\ARM_GCC_541\Debug\ugui.o
                0x00000c18                UG_FillScreen
 .text.UG_DrawLine
                0x00000c44      0x10c .\CortexM3\ARM_GCC_541\Debug\ugui.o
                0x00000c44                UG_DrawLine
 .text.UG_DrawFrame
                0x00000d50       0x4c .\CortexM3\ARM_GCC_541\Debug\ugui.o
                0x00000d50                UG_DrawFrame
 .text.UG_SetForecolor
                0x00000d9c       0x10 .\CortexM3\ARM_GCC_541\Debug\ugui.o
                0x00000d9c                UG_SetForecolor
 .text.UG_SetBackcolor
                0x00000dac       0x10 .\CortexM3\ARM_GCC_541\Debug\ugui.o
                0x00000dac                UG_SetBackcolor
 .text.UG_GetXDim
                0x00000dbc       0x10 .\CortexM3\ARM_GCC_541\Debug\ugui.o
                0x00000dbc                UG_GetXDim
 .text.UG_GetYDim
                0x00000dcc       0x10 .\CortexM3\ARM_GCC_541\Debug\ugui.o
                0x00000dcc                UG_GetYDim
 .text._UG_PutChar
                0x00000ddc      0x33c .\CortexM3\ARM_GCC_541\Debug\ugui.o
                0x00000ddc                _UG_PutChar
 .text.UG_PutChar
                0x00001118       0x20 .\CortexM3\ARM_GCC_541\Debug\ugui.o
                0x00001118                UG_PutChar
 .text.UG_PutString
                0x00001138       0x8c .\CortexM3\ARM_GCC_541\Debug\ugui.o
                0x00001138                UG_PutString
 .text._UG_PutText
                0x000011c4      0x158 .\CortexM3\ARM_GCC_541\Debug\ugui.o
                0x000011c4                _UG_PutText
 .text._UG_GetFreeObject
                0x0000131c       0x2c .\CortexM3\ARM_GCC_541\Debug\ugui.o
                0x0000131c                _UG_GetFreeObject
 .text._UG_SearchObject
                0x00001348       0x38 .\CortexM3\ARM_GCC_541\Debug\ugui.o
                0x00001348                _UG_SearchObject
 .text._UG_ProcessTouchData
                0x00001380       0xc0 .\CortexM3\ARM_GCC_541\Debug\ugui.o
                0x00001380                _UG_ProcessTouchData
 .text._UG_UpdateObjects
                0x00001440       0x58 .\CortexM3\ARM_GCC_541\Debug\ugui.o
                0x00001440                _UG_UpdateObjects
 .text._UG_HandleEvents
                0x00001498       0x58 .\CortexM3\ARM_GCC_541\Debug\ugui.o
                0x00001498                _UG_HandleEvents
 .text._UG_DrawObjectFrame
                0x000014f0      0x12c .\CortexM3\ARM_GCC_541\Debug\ugui.o
                0x000014f0                _UG_DrawObjectFrame
 .text._UG_SendObjectPrerenderEvent
                0x0000161c       0x28 .\CortexM3\ARM_GCC_541\Debug\ugui.o
                0x0000161c                _UG_SendObjectPrerenderEvent
 .text._UG_SendObjectPostrenderEvent
                0x00001644       0x2c .\CortexM3\ARM_GCC_541\Debug\ugui.o
                0x00001644                _UG_SendObjectPostrenderEvent
 .text.UG_DriverRegister
                0x00001670       0x1c .\CortexM3\ARM_GCC_541\Debug\ugui.o
                0x00001670                UG_DriverRegister
 .text.UG_TouchUpdate
                0x0000168c       0x10 .\CortexM3\ARM_GCC_541\Debug\ugui.o
                0x0000168c                UG_TouchUpdate
 .text.UG_WindowCreate
                0x0000169c       0xac .\CortexM3\ARM_GCC_541\Debug\ugui.o
                0x0000169c                UG_WindowCreate
 .text.UG_WindowShow
                0x00001748       0x24 .\CortexM3\ARM_GCC_541\Debug\ugui.o
                0x00001748                UG_WindowShow
 .text.UG_WindowResize
                0x0000176c      0x140 .\CortexM3\ARM_GCC_541\Debug\ugui.o
                0x0000176c                UG_WindowResize
 .text.UG_WindowSetTitleText
                0x000018ac       0x24 .\CortexM3\ARM_GCC_541\Debug\ugui.o
                0x000018ac                UG_WindowSetTitleText
 .text.UG_WindowSetTitleTextFont
                0x000018d0       0x48 .\CortexM3\ARM_GCC_541\Debug\ugui.o
                0x000018d0                UG_WindowSetTitleTextFont
 .text.UG_WindowSetXStart
                0x00001918       0x3c .\CortexM3\ARM_GCC_541\Debug\ugui.o
                0x00001918                UG_WindowSetXStart
 .text.UG_WindowSetYStart
                0x00001954       0x40 .\CortexM3\ARM_GCC_541\Debug\ugui.o
                0x00001954                UG_WindowSetYStart
 .text.UG_WindowSetXEnd
                0x00001994       0x40 .\CortexM3\ARM_GCC_541\Debug\ugui.o
                0x00001994                UG_WindowSetXEnd
 .text.UG_WindowSetYEnd
                0x000019d4       0x40 .\CortexM3\ARM_GCC_541\Debug\ugui.o
                0x000019d4                UG_WindowSetYEnd
 .text.UG_WindowGetArea
                0x00001a14       0x68 .\CortexM3\ARM_GCC_541\Debug\ugui.o
                0x00001a14                UG_WindowGetArea
 .text._UG_ButtonUpdate
                0x00001a7c      0x23c .\CortexM3\ARM_GCC_541\Debug\ugui.o
                0x00001a7c                _UG_ButtonUpdate
 .text._UG_TextboxUpdate
                0x00001cb8      0x108 .\CortexM3\ARM_GCC_541\Debug\ugui.o
                0x00001cb8                _UG_TextboxUpdate
 .text._UG_WindowDrawTitle
                0x00001dc0       0xf0 .\CortexM3\ARM_GCC_541\Debug\ugui.o
                0x00001dc0                _UG_WindowDrawTitle
 .text._UG_WindowUpdate
                0x00001eb0       0xe0 .\CortexM3\ARM_GCC_541\Debug\ugui.o
                0x00001eb0                _UG_WindowUpdate
 .text.UG_Update
                0x00001f90       0xac .\CortexM3\ARM_GCC_541\Debug\ugui.o
                0x00001f90                UG_Update
 .text.UG_ButtonCreate
                0x0000203c       0x98 .\CortexM3\ARM_GCC_541\Debug\ugui.o
                0x0000203c                UG_ButtonCreate
 .text.UG_ButtonShow
                0x000020d4       0x20 .\CortexM3\ARM_GCC_541\Debug\ugui.o
                0x000020d4                UG_ButtonShow
 .text.UG_ButtonHide
                0x000020f4       0x34 .\CortexM3\ARM_GCC_541\Debug\ugui.o
                0x000020f4                UG_ButtonHide
 .text.UG_ButtonSetForeColor
                0x00002128       0x24 .\CortexM3\ARM_GCC_541\Debug\ugui.o
                0x00002128                UG_ButtonSetForeColor
 .text.UG_ButtonSetText
                0x0000214c       0x24 .\CortexM3\ARM_GCC_541\Debug\ugui.o
                0x0000214c                UG_ButtonSetText
 .text.UG_ButtonSetFont
                0x00002170       0x24 .\CortexM3\ARM_GCC_541\Debug\ugui.o
                0x00002170                UG_ButtonSetFont
 .text.UG_TextboxCreate
                0x00002194       0x88 .\CortexM3\ARM_GCC_541\Debug\ugui.o
                0x00002194                UG_TextboxCreate
 .text.UG_TextboxSetForeColor
                0x0000221c       0x24 .\CortexM3\ARM_GCC_541\Debug\ugui.o
                0x0000221c                UG_TextboxSetForeColor
 .text.UG_TextboxSetText
                0x00002240       0x24 .\CortexM3\ARM_GCC_541\Debug\ugui.o
                0x00002240                UG_TextboxSetText
 .text.UG_TextboxSetFont
                0x00002264       0x24 .\CortexM3\ARM_GCC_541\Debug\ugui.o
                0x00002264                UG_TextboxSetFont
 .text.UG_TextboxSetAlignment
                0x00002288       0x24 .\CortexM3\ARM_GCC_541\Debug\ugui.o
                0x00002288                UG_TextboxSetAlignment
 .text.XPT2046_ReadPos
                0x000022ac       0xa4 .\CortexM3\ARM_GCC_541\Debug\XPT2046.o
                0x000022ac                XPT2046_ReadPos
 .text.XPT2046_Start
                0x00002350       0x10 .\CortexM3\ARM_GCC_541\Debug\XPT2046.o
                0x00002350                XPT2046_Start
 .text.XPT2046_ReadXY
                0x00002360       0xd8 .\CortexM3\ARM_GCC_541\Debug\XPT2046.o
                0x00002360                XPT2046_ReadXY
 .text.XPT2046_ReadZ
                0x00002438       0x18 .\CortexM3\ARM_GCC_541\Debug\XPT2046.o
                0x00002438                XPT2046_ReadZ
 .text.mem_cpy  0x00002450       0x14 .\CortexM3\ARM_GCC_541\Debug\ff.o
 .text.mem_set  0x00002464       0x10 .\CortexM3\ARM_GCC_541\Debug\ff.o
 .text.mem_cmp  0x00002474       0x24 .\CortexM3\ARM_GCC_541\Debug\ff.o
 .text.chk_chr  0x00002498       0x10 .\CortexM3\ARM_GCC_541\Debug\ff.o
 .text.ld_clust
                0x000024a8       0x20 .\CortexM3\ARM_GCC_541\Debug\ff.o
 .text.st_clust
                0x000024c8       0x14 .\CortexM3\ARM_GCC_541\Debug\ff.o
 .text.create_name
                0x000024dc      0x154 .\CortexM3\ARM_GCC_541\Debug\ff.o
 .text.get_ldnumber
                0x00002630       0x54 .\CortexM3\ARM_GCC_541\Debug\ff.o
 .text.sync_window
                0x00002684       0x54 .\CortexM3\ARM_GCC_541\Debug\ff.o
 .text.move_window
                0x000026d8       0x34 .\CortexM3\ARM_GCC_541\Debug\ff.o
 .text.check_fs
                0x0000270c       0x90 .\CortexM3\ARM_GCC_541\Debug\ff.o
 .text.validate
                0x0000279c       0x38 .\CortexM3\ARM_GCC_541\Debug\ff.o
 .text.find_volume
                0x000027d4      0x374 .\CortexM3\ARM_GCC_541\Debug\ff.o
 .text.sync_fs  0x00002b48       0xbc .\CortexM3\ARM_GCC_541\Debug\ff.o
 .text.clust2sect
                0x00002c04       0x18 .\CortexM3\ARM_GCC_541\Debug\ff.o
                0x00002c04                clust2sect
 .text.get_fat  0x00002c1c       0xec .\CortexM3\ARM_GCC_541\Debug\ff.o
                0x00002c1c                get_fat
 .text.dir_sdi  0x00002d08       0x94 .\CortexM3\ARM_GCC_541\Debug\ff.o
 .text.put_fat  0x00002d9c      0x128 .\CortexM3\ARM_GCC_541\Debug\ff.o
                0x00002d9c                put_fat
 .text.create_chain
                0x00002ec4       0xb8 .\CortexM3\ARM_GCC_541\Debug\ff.o
 .text.dir_next
                0x00002f7c      0x120 .\CortexM3\ARM_GCC_541\Debug\ff.o
 .text.dir_find
                0x0000309c       0x4c .\CortexM3\ARM_GCC_541\Debug\ff.o
 .text.follow_path
                0x000030e8       0xa4 .\CortexM3\ARM_GCC_541\Debug\ff.o
 .text.dir_alloc
                0x0000318c       0x4c .\CortexM3\ARM_GCC_541\Debug\ff.o
 .text.dir_register
                0x000031d8       0x38 .\CortexM3\ARM_GCC_541\Debug\ff.o
 .text.remove_chain
                0x00003210       0x68 .\CortexM3\ARM_GCC_541\Debug\ff.o
 .text.f_mount  0x00003278       0x58 .\CortexM3\ARM_GCC_541\Debug\ff.o
                0x00003278                f_mount
 .text.f_open   0x000032d0      0x168 .\CortexM3\ARM_GCC_541\Debug\ff.o
                0x000032d0                f_open
 .text.f_read   0x00003438      0x178 .\CortexM3\ARM_GCC_541\Debug\ff.o
                0x00003438                f_read
 .text.f_write  0x000035b0      0x1b4 .\CortexM3\ARM_GCC_541\Debug\ff.o
                0x000035b0                f_write
 .text.putc_bfd
                0x00003764       0x40 .\CortexM3\ARM_GCC_541\Debug\ff.o
 .text.f_sync   0x000037a4       0xa0 .\CortexM3\ARM_GCC_541\Debug\ff.o
                0x000037a4                f_sync
 .text.f_close  0x00003844       0x20 .\CortexM3\ARM_GCC_541\Debug\ff.o
                0x00003844                f_close
 .text.f_lseek  0x00003864      0x160 .\CortexM3\ARM_GCC_541\Debug\ff.o
                0x00003864                f_lseek
 .text.f_gets   0x000039c4       0x50 .\CortexM3\ARM_GCC_541\Debug\ff.o
                0x000039c4                f_gets
 .text.f_puts   0x00003a14       0x50 .\CortexM3\ARM_GCC_541\Debug\ff.o
                0x00003a14                f_puts
 .text.xmit_mmc
                0x00003a64       0x28 .\CortexM3\ARM_GCC_541\Debug\sdcard.o
 .text.rcvr_mmc
                0x00003a8c       0x34 .\CortexM3\ARM_GCC_541\Debug\sdcard.o
 .text.wait_ready
                0x00003ac0       0x34 .\CortexM3\ARM_GCC_541\Debug\sdcard.o
 .text.rcvr_datablock
                0x00003af4       0x4c .\CortexM3\ARM_GCC_541\Debug\sdcard.o
 .text.xmit_datablock
                0x00003b40       0x64 .\CortexM3\ARM_GCC_541\Debug\sdcard.o
 .text.deselect
                0x00003ba4       0x20 .\CortexM3\ARM_GCC_541\Debug\sdcard.o
 .text.select   0x00003bc4       0x30 .\CortexM3\ARM_GCC_541\Debug\sdcard.o
 .text.send_cmd
                0x00003bf4       0xa4 .\CortexM3\ARM_GCC_541\Debug\sdcard.o
 .text.disk_status
                0x00003c98       0x10 .\CortexM3\ARM_GCC_541\Debug\sdcard.o
                0x00003c98                disk_status
 .text.disk_initialize
                0x00003ca8      0x124 .\CortexM3\ARM_GCC_541\Debug\sdcard.o
                0x00003ca8                disk_initialize
 .text.disk_read
                0x00003dcc       0x68 .\CortexM3\ARM_GCC_541\Debug\sdcard.o
                0x00003dcc                disk_read
 .text.disk_write
                0x00003e34       0x88 .\CortexM3\ARM_GCC_541\Debug\sdcard.o
                0x00003e34                disk_write
 .text.disk_ioctl
                0x00003ebc       0xdc .\CortexM3\ARM_GCC_541\Debug\sdcard.o
                0x00003ebc                disk_ioctl
 .text.get_fattime
                0x00003f98        0x8 .\CortexM3\ARM_GCC_541\Debug\rtc.o
                0x00003f98                get_fattime
 .text.CyClockStartupError
                0x00003fa0        0x4 .\CortexM3\ARM_GCC_541\Debug\cyfitter_cfg.o
 .text.cfg_write_bytes32
                0x00003fa4       0x34 .\CortexM3\ARM_GCC_541\Debug\cyfitter_cfg.o
 .text.AnalogSetDefault
                0x00003fd8       0x28 .\CortexM3\ARM_GCC_541\Debug\cyfitter_cfg.o
 .text.ClockSetup
                0x00004000       0xcc .\CortexM3\ARM_GCC_541\Debug\cyfitter_cfg.o
 .text.CYMEMZERO
                0x000040cc        0xc .\CortexM3\ARM_GCC_541\Debug\cyfitter_cfg.o
 .text.CYCONFIGCPY
                0x000040d8        0x8 .\CortexM3\ARM_GCC_541\Debug\cyfitter_cfg.o
 .text.cyfitter_cfg
                0x000040e0      0x144 .\CortexM3\ARM_GCC_541\Debug\cyfitter_cfg.o
                0x000040e0                cyfitter_cfg
 .text.IntDefaultHandler
                0x00004224       0x10 .\CortexM3\ARM_GCC_541\Debug\Cm3Start.o
                0x00004224                IntDefaultHandler
 .text._sbrk    0x00004234       0x30 .\CortexM3\ARM_GCC_541\Debug\Cm3Start.o
                0x00004234                _sbrk
 .text.Start_c  0x00004264       0x4c .\CortexM3\ARM_GCC_541\Debug\Cm3Start.o
                0x00004264                Start_c
 .text.initialize_psoc
                0x000042b0       0x68 .\CortexM3\ARM_GCC_541\Debug\Cm3Start.o
                0x000042b0                initialize_psoc
 .text.D_BL_Write
                0x00004318       0x18 .\CortexM3\ARM_GCC_541\Debug\TFT_test.a(D_BL.o)
                0x00004318                D_BL_Write
 .text.GraphicLCDIntf_Init
                0x00004330       0x14 .\CortexM3\ARM_GCC_541\Debug\TFT_test.a(GraphicLCDIntf.o)
                0x00004330                GraphicLCDIntf_Init
 .text.GraphicLCDIntf_Start
                0x00004344       0x18 .\CortexM3\ARM_GCC_541\Debug\TFT_test.a(GraphicLCDIntf.o)
                0x00004344                GraphicLCDIntf_Start
 .text.GraphicLCDIntf_Write16
                0x0000435c       0x1c .\CortexM3\ARM_GCC_541\Debug\TFT_test.a(GraphicLCDIntf.o)
                0x0000435c                GraphicLCDIntf_Write16
 .text.GraphicLCDIntf_WriteM16
                0x00004378       0x30 .\CortexM3\ARM_GCC_541\Debug\TFT_test.a(GraphicLCDIntf.o)
                0x00004378                GraphicLCDIntf_WriteM16
 .text.D_RST_Write
                0x000043a8       0x18 .\CortexM3\ARM_GCC_541\Debug\TFT_test.a(D_RST.o)
                0x000043a8                D_RST_Write
 .text.T_CS_Write
                0x000043c0       0x18 .\CortexM3\ARM_GCC_541\Debug\TFT_test.a(T_CS.o)
                0x000043c0                T_CS_Write
 .text.T_CLK_Write
                0x000043d8       0x18 .\CortexM3\ARM_GCC_541\Debug\TFT_test.a(T_CLK.o)
                0x000043d8                T_CLK_Write
 .text.T_DIN_Write
                0x000043f0       0x18 .\CortexM3\ARM_GCC_541\Debug\TFT_test.a(T_DIN.o)
                0x000043f0                T_DIN_Write
 .text.T_DO_Read
                0x00004408        0xc .\CortexM3\ARM_GCC_541\Debug\TFT_test.a(T_DO.o)
                0x00004408                T_DO_Read
 .text.T_IRQ_Read
                0x00004414       0x10 .\CortexM3\ARM_GCC_541\Debug\TFT_test.a(T_IRQ.o)
                0x00004414                T_IRQ_Read
 .text.LED3_Write
                0x00004424       0x18 .\CortexM3\ARM_GCC_541\Debug\TFT_test.a(LED3.o)
                0x00004424                LED3_Write
 .text.LED4_Write
                0x0000443c       0x18 .\CortexM3\ARM_GCC_541\Debug\TFT_test.a(LED4.o)
                0x0000443c                LED4_Write
 .text.LED4_Read
                0x00004454       0x10 .\CortexM3\ARM_GCC_541\Debug\TFT_test.a(LED4.o)
                0x00004454                LED4_Read
 .text.SPI_Enable
                0x00004464       0x34 .\CortexM3\ARM_GCC_541\Debug\TFT_test.a(SPI.o)
                0x00004464                SPI_Enable
 .text.SPI_ReadTxStatus
                0x00004498        0xc .\CortexM3\ARM_GCC_541\Debug\TFT_test.a(SPI.o)
                0x00004498                SPI_ReadTxStatus
 .text.SPI_ReadRxStatus
                0x000044a4        0xc .\CortexM3\ARM_GCC_541\Debug\TFT_test.a(SPI.o)
                0x000044a4                SPI_ReadRxStatus
 .text.SPI_WriteTxData
                0x000044b0       0x18 .\CortexM3\ARM_GCC_541\Debug\TFT_test.a(SPI.o)
                0x000044b0                SPI_WriteTxData
 .text.SPI_ReadRxData
                0x000044c8        0xc .\CortexM3\ARM_GCC_541\Debug\TFT_test.a(SPI.o)
                0x000044c8                SPI_ReadRxData
 .text.SPI_GetTxBufferSize
                0x000044d4       0x24 .\CortexM3\ARM_GCC_541\Debug\TFT_test.a(SPI.o)
                0x000044d4                SPI_GetTxBufferSize
 .text.SPI_ClearRxBuffer
                0x000044f8       0x1c .\CortexM3\ARM_GCC_541\Debug\TFT_test.a(SPI.o)
                0x000044f8                SPI_ClearRxBuffer
 .text.SPI_ClearTxBuffer
                0x00004514       0x24 .\CortexM3\ARM_GCC_541\Debug\TFT_test.a(SPI.o)
                0x00004514                SPI_ClearTxBuffer
 .text.SPI_ClearFIFO
                0x00004538       0x3c .\CortexM3\ARM_GCC_541\Debug\TFT_test.a(SPI.o)
                0x00004538                SPI_ClearFIFO
 .text.SPI_Init
                0x00004574       0x28 .\CortexM3\ARM_GCC_541\Debug\TFT_test.a(SPI.o)
                0x00004574                SPI_Init
 .text.SPI_Start
                0x0000459c       0x1c .\CortexM3\ARM_GCC_541\Debug\TFT_test.a(SPI.o)
                0x0000459c                SPI_Start
 .text.SPI_SS_Write
                0x000045b8       0x18 .\CortexM3\ARM_GCC_541\Debug\TFT_test.a(SPI_SS.o)
                0x000045b8                SPI_SS_Write
 .text.SPI_IntClock_Start
                0x000045d0       0x1c .\CortexM3\ARM_GCC_541\Debug\TFT_test.a(SPI_IntClock.o)
                0x000045d0                SPI_IntClock_Start
 .text.CyDelay  0x000045ec       0x2c .\CortexM3\ARM_GCC_541\Debug\TFT_test.a(CyLib.o)
                0x000045ec                CyDelay
 .text.CyDelayUs
                0x00004618       0x14 .\CortexM3\ARM_GCC_541\Debug\TFT_test.a(CyLib.o)
                0x00004618                CyDelayUs
 *fill*         0x0000462c        0x4 
 .text          0x00004630       0x20 .\CortexM3\ARM_GCC_541\Debug\TFT_test.a(CyBootAsmGnu.o)
                0x00004630                CyDelayCycles
                0x00004640                CyEnterCriticalSection
                0x00004648                CyExitCriticalSection
 .text.__errno  0x00004650        0xc c:/program files (x86)/cypress/psoc creator/4.2/psoc creator/import/gnu/arm/5.4.1/bin/../lib/gcc/arm-none-eabi/5.4.1/../../../../arm-none-eabi/lib/armv7-m\libg_nano.a(lib_a-errno.o)
                0x00004650                __errno
 .text.__libc_init_array
                0x0000465c       0x4c c:/program files (x86)/cypress/psoc creator/4.2/psoc creator/import/gnu/arm/5.4.1/bin/../lib/gcc/arm-none-eabi/5.4.1/../../../../arm-none-eabi/lib/armv7-m\libg_nano.a(lib_a-init.o)
                0x0000465c                __libc_init_array
 .text.memcpy   0x000046a8       0x16 c:/program files (x86)/cypress/psoc creator/4.2/psoc creator/import/gnu/arm/5.4.1/bin/../lib/gcc/arm-none-eabi/5.4.1/../../../../arm-none-eabi/lib/armv7-m\libg_nano.a(lib_a-memcpy-stub.o)
                0x000046a8                memcpy
 .text.memset   0x000046be       0x10 c:/program files (x86)/cypress/psoc creator/4.2/psoc creator/import/gnu/arm/5.4.1/bin/../lib/gcc/arm-none-eabi/5.4.1/../../../../arm-none-eabi/lib/armv7-m\libg_nano.a(lib_a-memset.o)
                0x000046be                memset
 *fill*         0x000046ce        0x2 
 .text.sprintf  0x000046d0       0x48 c:/program files (x86)/cypress/psoc creator/4.2/psoc creator/import/gnu/arm/5.4.1/bin/../lib/gcc/arm-none-eabi/5.4.1/../../../../arm-none-eabi/lib/armv7-m\libg_nano.a(lib_a-sprintf.o)
                0x000046d0                siprintf
                0x000046d0                sprintf
 .text.__ssputs_r
                0x00004718       0xb2 c:/program files (x86)/cypress/psoc creator/4.2/psoc creator/import/gnu/arm/5.4.1/bin/../lib/gcc/arm-none-eabi/5.4.1/../../../../arm-none-eabi/lib/armv7-m\libg_nano.a(lib_a-nano-svfprintf.o)
                0x00004718                __ssputs_r
 *fill*         0x000047ca        0x2 
 .text._svfprintf_r
                0x000047cc      0x1e8 c:/program files (x86)/cypress/psoc creator/4.2/psoc creator/import/gnu/arm/5.4.1/bin/../lib/gcc/arm-none-eabi/5.4.1/../../../../arm-none-eabi/lib/armv7-m\libg_nano.a(lib_a-nano-svfprintf.o)
                0x000047cc                _svfiprintf_r
                0x000047cc                _svfprintf_r
 .text._printf_common
                0x000049b4       0xec c:/program files (x86)/cypress/psoc creator/4.2/psoc creator/import/gnu/arm/5.4.1/bin/../lib/gcc/arm-none-eabi/5.4.1/../../../../arm-none-eabi/lib/armv7-m\libg_nano.a(lib_a-nano-vfprintf_i.o)
                0x000049b4                _printf_common
 .text._printf_i
                0x00004aa0      0x24c c:/program files (x86)/cypress/psoc creator/4.2/psoc creator/import/gnu/arm/5.4.1/bin/../lib/gcc/arm-none-eabi/5.4.1/../../../../arm-none-eabi/lib/armv7-m\libg_nano.a(lib_a-nano-vfprintf_i.o)
                0x00004aa0                _printf_i
 .text.memchr   0x00004cec       0x1c c:/program files (x86)/cypress/psoc creator/4.2/psoc creator/import/gnu/arm/5.4.1/bin/../lib/gcc/arm-none-eabi/5.4.1/../../../../arm-none-eabi/lib/armv7-m\libg_nano.a(lib_a-memchr-stub.o)
                0x00004cec                memchr
 .text.memmove  0x00004d08       0x36 c:/program files (x86)/cypress/psoc creator/4.2/psoc creator/import/gnu/arm/5.4.1/bin/../lib/gcc/arm-none-eabi/5.4.1/../../../../arm-none-eabi/lib/armv7-m\libg_nano.a(lib_a-memmove.o)
                0x00004d08                memmove
 *fill*         0x00004d3e        0x2 
 .text._free_r  0x00004d40       0x98 c:/program files (x86)/cypress/psoc creator/4.2/psoc creator/import/gnu/arm/5.4.1/bin/../lib/gcc/arm-none-eabi/5.4.1/../../../../arm-none-eabi/lib/armv7-m\libg_nano.a(lib_a-nano-freer.o)
                0x00004d40                _free_r
 .text._malloc_r
                0x00004dd8       0xbc c:/program files (x86)/cypress/psoc creator/4.2/psoc creator/import/gnu/arm/5.4.1/bin/../lib/gcc/arm-none-eabi/5.4.1/../../../../arm-none-eabi/lib/armv7-m\libg_nano.a(lib_a-nano-mallocr.o)
                0x00004dd8                _malloc_r
 .text._realloc_r
                0x00004e94       0x4c c:/program files (x86)/cypress/psoc creator/4.2/psoc creator/import/gnu/arm/5.4.1/bin/../lib/gcc/arm-none-eabi/5.4.1/../../../../arm-none-eabi/lib/armv7-m\libg_nano.a(lib_a-nano-reallocr.o)
                0x00004e94                _realloc_r
 .text._sbrk_r  0x00004ee0       0x20 c:/program files (x86)/cypress/psoc creator/4.2/psoc creator/import/gnu/arm/5.4.1/bin/../lib/gcc/arm-none-eabi/5.4.1/../../../../arm-none-eabi/lib/armv7-m\libg_nano.a(lib_a-sbrkr.o)
                0x00004ee0                _sbrk_r
 .text.__malloc_lock
                0x00004f00        0x2 c:/program files (x86)/cypress/psoc creator/4.2/psoc creator/import/gnu/arm/5.4.1/bin/../lib/gcc/arm-none-eabi/5.4.1/../../../../arm-none-eabi/lib/armv7-m\libg_nano.a(lib_a-mlock.o)
                0x00004f00                __malloc_lock
 .text.__malloc_unlock
                0x00004f02        0x2 c:/program files (x86)/cypress/psoc creator/4.2/psoc creator/import/gnu/arm/5.4.1/bin/../lib/gcc/arm-none-eabi/5.4.1/../../../../arm-none-eabi/lib/armv7-m\libg_nano.a(lib_a-mlock.o)
                0x00004f02                __malloc_unlock
 .text._malloc_usable_size_r
                0x00004f04       0x14 c:/program files (x86)/cypress/psoc creator/4.2/psoc creator/import/gnu/arm/5.4.1/bin/../lib/gcc/arm-none-eabi/5.4.1/../../../../arm-none-eabi/lib/armv7-m\libg_nano.a(lib_a-nano-msizer.o)
                0x00004f04                _malloc_usable_size_r
 *(.plt)
 *(.gnu.warning)
 *(.glue_7t)
 .glue_7t       0x00004f18        0x0 linker stubs
 *(.glue_7)
 .glue_7        0x00004f18        0x0 linker stubs
 *(.vfp11_veneer)
 .vfp11_veneer  0x00004f18        0x0 linker stubs
 *(.bootloader)
 *(.ARM.extab* .gnu.linkonce.armextab.*)
 *(.gcc_except_table)

.v4_bx          0x00004f18        0x0
 .v4_bx         0x00004f18        0x0 linker stubs

.iplt           0x00004f18        0x0
 .iplt          0x00004f18        0x0 c:/program files (x86)/cypress/psoc creator/4.2/psoc creator/import/gnu/arm/5.4.1/bin/../lib/gcc/arm-none-eabi/5.4.1/armv7-m/crtbegin.o

.eh_frame_hdr
 *(.eh_frame_hdr)

.eh_frame       0x00004f18        0x4
 *(.eh_frame)
 .eh_frame      0x00004f18        0x0 c:/program files (x86)/cypress/psoc creator/4.2/psoc creator/import/gnu/arm/5.4.1/bin/../lib/gcc/arm-none-eabi/5.4.1/armv7-m/crtbegin.o
 .eh_frame      0x00004f18        0x4 c:/program files (x86)/cypress/psoc creator/4.2/psoc creator/import/gnu/arm/5.4.1/bin/../lib/gcc/arm-none-eabi/5.4.1/armv7-m/crtend.o
                [!provide]                PROVIDE (__exidx_start, .)

.ARM.exidx
 *(.ARM.exidx* .gnu.linkonce.armexidx.*)
                0x00004f1c                __exidx_end = .

.rodata         0x00004f1c    0x18a9c
 *(.rodata .rodata.* .gnu.linkonce.r.*)
 .rodata        0x00004f1c       0x1c .\CortexM3\ARM_GCC_541\Debug\main.o
                0x00004f2c                logo
 .rodata.str1.4
                0x00004f38      0x142 .\CortexM3\ARM_GCC_541\Debug\main.o
                                0x146 (size before relaxing)
 .rodata.str1.4
                0x0000507a        0x1 .\CortexM3\ARM_GCC_541\Debug\ugui_SSD1963.o
 *fill*         0x0000507a        0x2 
 .rodata        0x0000507c     0xed04 .\CortexM3\ARM_GCC_541\Debug\ugui.o
                0x0000507c                pal_button_pressed
                0x00005094                pal_button_released
                0x000050ac                pal_checkbox_pressed
                0x000050c4                pal_checkbox_released
                0x000050dc                pal_window
                0x000050f4                FONT_22X36
                0x00005108                FONT_16X26
                0x0000511c                FONT_12X16
                0x00005130                FONT_8X14
                0x00005144                FONT_8X12
                0x00005158                FONT_6X10
                0x0000516c                FONT_5X8
                0x00005180                font_22x36
                0x0000bd80                font_16x26
                0x0000f180                font_12x16
                0x00011180                font_8x14
                0x00011f80                font_8x12
                0x00012b80                font_6x10
                0x00013580                font_5x8
 .rodata.str1.4
                0x00013d80        0x2 .\CortexM3\ARM_GCC_541\Debug\ugui.o
 *fill*         0x00013d82        0x2 
 .rodata        0x00013d84     0x9b64 .\CortexM3\ARM_GCC_541\Debug\Capture.o
                0x00013d84                acCapture
 .rodata.str1.4
                0x0001d8e8       0x20 .\CortexM3\ARM_GCC_541\Debug\ff.o
 .rodata        0x0001d908       0x44 .\CortexM3\ARM_GCC_541\Debug\cyfitter_cfg.o
 .rodata.str1.1
                0x0001d94c        0x2 c:/program files (x86)/cypress/psoc creator/4.2/psoc creator/import/gnu/arm/5.4.1/bin/../lib/gcc/arm-none-eabi/5.4.1/../../../../arm-none-eabi/lib/armv7-m\libg_nano.a(lib_a-impure.o)
 .rodata.str1.1
                0x0001d94e       0x11 c:/program files (x86)/cypress/psoc creator/4.2/psoc creator/import/gnu/arm/5.4.1/bin/../lib/gcc/arm-none-eabi/5.4.1/../../../../arm-none-eabi/lib/armv7-m\libg_nano.a(lib_a-nano-svfprintf.o)
 .rodata.str1.1
                0x0001d95f       0x22 c:/program files (x86)/cypress/psoc creator/4.2/psoc creator/import/gnu/arm/5.4.1/bin/../lib/gcc/arm-none-eabi/5.4.1/../../../../arm-none-eabi/lib/armv7-m\libg_nano.a(lib_a-nano-vfprintf_i.o)
                0x0001d984                . = ALIGN (0x4)
 *fill*         0x0001d981        0x3 
 *(.init)
 .init          0x0001d984        0x4 c:/program files (x86)/cypress/psoc creator/4.2/psoc creator/import/gnu/arm/5.4.1/bin/../lib/gcc/arm-none-eabi/5.4.1/armv7-m/crti.o
                0x0001d984                _init
 .init          0x0001d988        0x8 c:/program files (x86)/cypress/psoc creator/4.2/psoc creator/import/gnu/arm/5.4.1/bin/../lib/gcc/arm-none-eabi/5.4.1/armv7-m/crtn.o
                0x0001d990                . = ALIGN (0x4)
                0x0001d990                __preinit_array_start = .
 *(.preinit_array)
                0x0001d990                __preinit_array_end = .
                0x0001d990                . = ALIGN (0x4)
                0x0001d990                __init_array_start = .
 *(SORT(.init_array.*))
 *(.init_array)
 .init_array    0x0001d990        0x4 c:/program files (x86)/cypress/psoc creator/4.2/psoc creator/import/gnu/arm/5.4.1/bin/../lib/gcc/arm-none-eabi/5.4.1/armv7-m/crtbegin.o
 .init_array    0x0001d994        0x4 .\CortexM3\ARM_GCC_541\Debug\Cm3Start.o
                0x0001d998                __init_array_end = .
                0x0001d998                . = ALIGN (0x4)
 *(.fini)
 .fini          0x0001d998        0x4 c:/program files (x86)/cypress/psoc creator/4.2/psoc creator/import/gnu/arm/5.4.1/bin/../lib/gcc/arm-none-eabi/5.4.1/armv7-m/crti.o
                0x0001d998                _fini
 .fini          0x0001d99c        0x8 c:/program files (x86)/cypress/psoc creator/4.2/psoc creator/import/gnu/arm/5.4.1/bin/../lib/gcc/arm-none-eabi/5.4.1/armv7-m/crtn.o
                0x0001d9a4                . = ALIGN (0x4)
                0x0001d9a4                __fini_array_start = .
 *(.fini_array)
 .fini_array    0x0001d9a4        0x4 c:/program files (x86)/cypress/psoc creator/4.2/psoc creator/import/gnu/arm/5.4.1/bin/../lib/gcc/arm-none-eabi/5.4.1/armv7-m/crtbegin.o
 *(SORT(.fini_array.*))
                0x0001d9a8                __fini_array_end = .
                0x0001d9a8                . = ALIGN (0x4)
 *crtbegin.o(.ctors)
 *(EXCLUDE_FILE(*crtend.o) .ctors)
 *(SORT(.ctors.*))
 *crtend.o(.ctors)
                0x0001d9a8                . = ALIGN (0x4)
 *crtbegin.o(.dtors)
 *(EXCLUDE_FILE(*crtend.o) .dtors)
 *(SORT(.dtors.*))
 *crtend.o(.dtors)
                0x0001d9a8                . = ALIGN (0x4)
                0x0001d9a8                __cy_regions = .
                0x0001d9a8        0x4 LONG 0x1d9b8 __cy_region_init_ram
                0x0001d9ac        0x4 LONG 0x1fff80c8 __cy_region_start_data
                0x0001d9b0        0x4 LONG 0x80 __cy_region_init_size_ram
                0x0001d9b4        0x4 LONG 0x2d8 __cy_region_zero_size_ram
                0x0001d9b8                __cy_regions_end = .
                0x0001d9b8                . = ALIGN (0x8)
                0x0001d9b8                _etext = .

.cy_checksum_exclude
                0x0001d9b8        0x0
 *(.cy_checksum_exclude)

.ramvectors     0x1fff8000       0xc0
                0x1fff8000                __cy_region_start_ram = .
 *(.ramvectors)
 .ramvectors    0x1fff8000       0xc0 .\CortexM3\ARM_GCC_541\Debug\Cm3Start.o
                0x1fff8000                CyRamVectors

.noinit         0x1fff80c0        0x1
 *(.noinit)
 .noinit        0x1fff80c0        0x1 .\CortexM3\ARM_GCC_541\Debug\TFT_test.a(CyLib.o)
                0x1fff80c0                CyResetStatus

.data           0x1fff80c8       0x80 load address 0x0001d9b8
                0x1fff80c8                __cy_region_start_data = .
 *(.jcr)
 .jcr           0x1fff80c8        0x0 c:/program files (x86)/cypress/psoc creator/4.2/psoc creator/import/gnu/arm/5.4.1/bin/../lib/gcc/arm-none-eabi/5.4.1/armv7-m/crtbegin.o
 .jcr           0x1fff80c8        0x4 c:/program files (x86)/cypress/psoc creator/4.2/psoc creator/import/gnu/arm/5.4.1/bin/../lib/gcc/arm-none-eabi/5.4.1/armv7-m/crtend.o
 *(.got.plt)
 *(.got)
 *(.shdata)
 *(.data .data.* .gnu.linkonce.d.*)
 .data          0x1fff80cc        0x1 .\CortexM3\ARM_GCC_541\Debug\sdcard.o
 *fill*         0x1fff80cd        0x3 
 .data          0x1fff80d0        0x4 .\CortexM3\ARM_GCC_541\Debug\Cm3Start.o
 .data          0x1fff80d4       0x10 .\CortexM3\ARM_GCC_541\Debug\TFT_test.a(CyLib.o)
                0x1fff80d4                cydelay_32k_ms
                0x1fff80d8                cydelay_freq_khz
                0x1fff80dc                cydelay_freq_mhz
                0x1fff80e0                cydelay_freq_hz
 .data.impure_data
                0x1fff80e4       0x60 c:/program files (x86)/cypress/psoc creator/4.2/psoc creator/import/gnu/arm/5.4.1/bin/../lib/gcc/arm-none-eabi/5.4.1/../../../../arm-none-eabi/lib/armv7-m\libg_nano.a(lib_a-impure.o)
 .data._impure_ptr
                0x1fff8144        0x4 c:/program files (x86)/cypress/psoc creator/4.2/psoc creator/import/gnu/arm/5.4.1/bin/../lib/gcc/arm-none-eabi/5.4.1/../../../../arm-none-eabi/lib/armv7-m\libg_nano.a(lib_a-impure.o)
                0x1fff8144                _impure_ptr
                0x1fff8148                . = ALIGN (0x8)
 *(.ram)
                0x1fff8148                _edata = .

.igot.plt       0x1fff8148        0x0 load address 0x0001da38
 .igot.plt      0x1fff8148        0x0 c:/program files (x86)/cypress/psoc creator/4.2/psoc creator/import/gnu/arm/5.4.1/bin/../lib/gcc/arm-none-eabi/5.4.1/armv7-m/crtbegin.o

.bss            0x1fff8148      0x2d8 load address 0x0001da38
                0x1fff8148                PROVIDE (__bss_start__, .)
 *(.shbss)
 *(.bss .bss.* .gnu.linkonce.b.*)
 .bss           0x1fff8148       0x1c c:/program files (x86)/cypress/psoc creator/4.2/psoc creator/import/gnu/arm/5.4.1/bin/../lib/gcc/arm-none-eabi/5.4.1/armv7-m/crtbegin.o
 .bss           0x1fff8164        0xc .\CortexM3\ARM_GCC_541\Debug\ugui.o
 .bss           0x1fff8170        0x6 .\CortexM3\ARM_GCC_541\Debug\ff.o
 .bss           0x1fff8176        0x1 .\CortexM3\ARM_GCC_541\Debug\sdcard.o
 .bss           0x1fff8177        0x1 .\CortexM3\ARM_GCC_541\Debug\TFT_test.a(GraphicLCDIntf.o)
                0x1fff8177                GraphicLCDIntf_initVar
 .bss           0x1fff8178        0x1 .\CortexM3\ARM_GCC_541\Debug\TFT_test.a(SPI.o)
                0x1fff8178                SPI_initVar
 *fill*         0x1fff8179        0x3 
 .bss.__malloc_sbrk_start
                0x1fff817c        0x4 c:/program files (x86)/cypress/psoc creator/4.2/psoc creator/import/gnu/arm/5.4.1/bin/../lib/gcc/arm-none-eabi/5.4.1/../../../../arm-none-eabi/lib/armv7-m\libg_nano.a(lib_a-nano-mallocr.o)
                0x1fff817c                __malloc_sbrk_start
 .bss.__malloc_free_list
                0x1fff8180        0x4 c:/program files (x86)/cypress/psoc creator/4.2/psoc creator/import/gnu/arm/5.4.1/bin/../lib/gcc/arm-none-eabi/5.4.1/../../../../arm-none-eabi/lib/armv7-m\libg_nano.a(lib_a-nano-mallocr.o)
                0x1fff8180                __malloc_free_list
 *(COMMON)
 COMMON         0x1fff8184      0x294 .\CortexM3\ARM_GCC_541\Debug\main.o
                0x1fff8184                textbox_1
                0x1fff8198                Py
                0x1fff819c                button_1
                0x1fff81b4                obj_buff_wnd_1
                0x1fff82f4                PosY
                0x1fff82f8                window_1
                0x1fff832c                button_4
                0x1fff8344                PosX
                0x1fff8346                Px
                0x1fff8348                bufferOut
                0x1fff8370                button_2
                0x1fff8388                gui1963
                0x1fff83f4                image_1
                0x1fff83fc                BtnPulsed
                0x1fff8400                button_3
 COMMON         0x1fff8418        0x4 c:/program files (x86)/cypress/psoc creator/4.2/psoc creator/import/gnu/arm/5.4.1/bin/../lib/gcc/arm-none-eabi/5.4.1/../../../../arm-none-eabi/lib/armv7-m\libg_nano.a(lib_a-reent.o)
                0x1fff8418                errno
                0x1fff8420                . = ALIGN (0x8)
 *fill*         0x1fff841c        0x4 
 *(.ram.b)
                0x1fff8420                _end = .
                0x1fff8420                __end = .
                0x1fff8420                PROVIDE (end, .)
                0x1fff8420                PROVIDE (__bss_end__, .)
                0x0001d9b8                __cy_region_init_ram = LOADADDR (.data)
                0x00000080                __cy_region_init_size_ram = (_edata - ADDR (.data))
                0x000002d8                __cy_region_zero_size_ram = (_end - _edata)

.heap           0x1fff8420      0x800 load address 0x0001da38
                0x1fff8420                . = _end
                0x1fff8c20                . = (. + 0x800)
 *fill*         0x1fff8420      0x800 
                0x1fff8c20                __cy_heap_limit = .

.stack          0x20004000     0x4000
                0x20004000                __cy_stack_limit = .
                0x20008000                . = (. + 0x4000)
 *fill*         0x20004000     0x4000 
                0x00000001                ASSERT ((__cy_stack_limit >= __cy_heap_limit), region RAM overflowed with stack)
                0x00000000                cy_checksum_exclude_size = (CY_APPL_LOADABLE == 0x1)?SIZEOF (.cy_checksum_exclude):0x0
                0x00000001                ASSERT ((cy_checksum_exclude_size <= CY_CHECKSUM_EXCLUDE_SIZE), CY_BOOT: Section .cy_checksum_exclude size exceedes specified limit.)

.cyloadermeta
 *(.cyloadermeta)

.cyloadablemeta
 *(.cyloadablemeta)

.cyconfigecc    0x80000000      0x738
 *(.cyconfigecc)
 .cyconfigecc   0x80000000      0x738 .\CortexM3\ARM_GCC_541\Debug\cymetadata.o
                0x80000000                cy_meta_configecc

.cycustnvl      0x90000000        0x4
 *(.cycustnvl)
 .cycustnvl     0x90000000        0x4 .\CortexM3\ARM_GCC_541\Debug\cymetadata.o
                0x90000000                cy_meta_custnvl

.cywolatch      0x90100000        0x4
 *(.cywolatch)
 .cywolatch     0x90100000        0x4 .\CortexM3\ARM_GCC_541\Debug\cymetadata.o
                0x90100000                cy_meta_wonvl

.cyeeprom       0x90200000        0x0
 *(.cyeeprom)
                0x00000001                ASSERT ((. <= ((0x90200000 + ee_offset) + ee_size)), .cyeeprom data will not fit in EEPROM)

.cyflashprotect
                0x90400000      0x100
 *(.cyflashprotect)
 .cyflashprotect
                0x90400000      0x100 .\CortexM3\ARM_GCC_541\Debug\cymetadata.o
                0x90400000                cy_meta_flashprotect

.cymeta         0x90500000        0xc
 *(.cymeta)
 .cymeta        0x90500000        0xc .\CortexM3\ARM_GCC_541\Debug\cymetadata.o
                0x90500000                cy_metadata

.rel.dyn        0x0001da38        0x0 load address 0x9050000c
 .rel.iplt      0x0001da38        0x0 c:/program files (x86)/cypress/psoc creator/4.2/psoc creator/import/gnu/arm/5.4.1/bin/../lib/gcc/arm-none-eabi/5.4.1/armv7-m/crtbegin.o

.stab
 *(.stab)

.stabstr
 *(.stabstr)

.debug
 *(.debug)

.line
 *(.line)

.debug_srcinfo
 *(.debug_srcinfo)

.debug_sfnames
 *(.debug_sfnames)

.debug_aranges  0x00000000     0x1178
 *(.debug_aranges)
 .debug_aranges
                0x00000000       0x28 .\CortexM3\ARM_GCC_541\Debug\main.o
 .debug_aranges
                0x00000028       0x50 .\CortexM3\ARM_GCC_541\Debug\ugui_SSD1963.o
 .debug_aranges
                0x00000078      0x560 .\CortexM3\ARM_GCC_541\Debug\ugui.o
 .debug_aranges
                0x000005d8       0x18 .\CortexM3\ARM_GCC_541\Debug\Capture.o
 .debug_aranges
                0x000005f0       0x38 .\CortexM3\ARM_GCC_541\Debug\XPT2046.o
 .debug_aranges
                0x00000628      0x1d0 .\CortexM3\ARM_GCC_541\Debug\ff.o
 .debug_aranges
                0x000007f8       0x80 .\CortexM3\ARM_GCC_541\Debug\sdcard.o
 .debug_aranges
                0x00000878       0x20 .\CortexM3\ARM_GCC_541\Debug\rtc.o
 .debug_aranges
                0x00000898       0x58 .\CortexM3\ARM_GCC_541\Debug\cyfitter_cfg.o
 .debug_aranges
                0x000008f0       0x18 .\CortexM3\ARM_GCC_541\Debug\cymetadata.o
 .debug_aranges
                0x00000908       0x48 .\CortexM3\ARM_GCC_541\Debug\Cm3Start.o
 .debug_aranges
                0x00000950       0x38 .\CortexM3\ARM_GCC_541\Debug\TFT_test.a(D_BL.o)
 .debug_aranges
                0x00000988       0x50 .\CortexM3\ARM_GCC_541\Debug\TFT_test.a(GraphicLCDIntf.o)
 .debug_aranges
                0x000009d8       0x38 .\CortexM3\ARM_GCC_541\Debug\TFT_test.a(D_RST.o)
 .debug_aranges
                0x00000a10       0x38 .\CortexM3\ARM_GCC_541\Debug\TFT_test.a(T_CS.o)
 .debug_aranges
                0x00000a48       0x38 .\CortexM3\ARM_GCC_541\Debug\TFT_test.a(T_CLK.o)
 .debug_aranges
                0x00000a80       0x38 .\CortexM3\ARM_GCC_541\Debug\TFT_test.a(T_DIN.o)
 .debug_aranges
                0x00000ab8       0x38 .\CortexM3\ARM_GCC_541\Debug\TFT_test.a(T_DO.o)
 .debug_aranges
                0x00000af0       0x38 .\CortexM3\ARM_GCC_541\Debug\TFT_test.a(T_IRQ.o)
 .debug_aranges
                0x00000b28       0x38 .\CortexM3\ARM_GCC_541\Debug\TFT_test.a(LED3.o)
 .debug_aranges
                0x00000b60       0x38 .\CortexM3\ARM_GCC_541\Debug\TFT_test.a(LED4.o)
 .debug_aranges
                0x00000b98       0xd8 .\CortexM3\ARM_GCC_541\Debug\TFT_test.a(SPI.o)
 .debug_aranges
                0x00000c70       0x38 .\CortexM3\ARM_GCC_541\Debug\TFT_test.a(SPI_SS.o)
 .debug_aranges
                0x00000ca8       0x70 .\CortexM3\ARM_GCC_541\Debug\TFT_test.a(SPI_IntClock.o)
 .debug_aranges
                0x00000d18      0x2a0 .\CortexM3\ARM_GCC_541\Debug\TFT_test.a(CyLib.o)
 .debug_aranges
                0x00000fb8       0x98 .\CortexM3\ARM_GCC_541\Debug\TFT_test.a(cyPm.o)
 .debug_aranges
                0x00001050       0x20 .\CortexM3\ARM_GCC_541\Debug\TFT_test.a(CyBootAsmGnu.o)
 .debug_aranges
                0x00001070       0x88 .\CortexM3\ARM_GCC_541\Debug\TFT_test.a(CyFlash.o)
 .debug_aranges
                0x000010f8       0x80 .\CortexM3\ARM_GCC_541\Debug\TFT_test.a(CySpc.o)

.debug_pubnames
 *(.debug_pubnames)

.debug_info     0x00000000    0x123db
 *(.debug_info .gnu.linkonce.wi.*)
 .debug_info    0x00000000     0x1a54 .\CortexM3\ARM_GCC_541\Debug\main.o
 .debug_info    0x00001a54     0x1b5f .\CortexM3\ARM_GCC_541\Debug\ugui_SSD1963.o
 .debug_info    0x000035b3     0x5ccf .\CortexM3\ARM_GCC_541\Debug\ugui.o
 .debug_info    0x00009282       0xf0 .\CortexM3\ARM_GCC_541\Debug\Capture.o
 .debug_info    0x00009372      0xabf .\CortexM3\ARM_GCC_541\Debug\XPT2046.o
 .debug_info    0x00009e31     0x304a .\CortexM3\ARM_GCC_541\Debug\ff.o
 .debug_info    0x0000ce7b      0xb05 .\CortexM3\ARM_GCC_541\Debug\sdcard.o
 .debug_info    0x0000d980      0x14c .\CortexM3\ARM_GCC_541\Debug\rtc.o
 .debug_info    0x0000dacc      0x617 .\CortexM3\ARM_GCC_541\Debug\cyfitter_cfg.o
 .debug_info    0x0000e0e3      0x139 .\CortexM3\ARM_GCC_541\Debug\cymetadata.o
 .debug_info    0x0000e21c      0x3bb .\CortexM3\ARM_GCC_541\Debug\Cm3Start.o
 .debug_info    0x0000e5d7      0x11f .\CortexM3\ARM_GCC_541\Debug\TFT_test.a(D_BL.o)
 .debug_info    0x0000e6f6      0x1cc .\CortexM3\ARM_GCC_541\Debug\TFT_test.a(GraphicLCDIntf.o)
 .debug_info    0x0000e8c2      0x11f .\CortexM3\ARM_GCC_541\Debug\TFT_test.a(D_RST.o)
 .debug_info    0x0000e9e1      0x11f .\CortexM3\ARM_GCC_541\Debug\TFT_test.a(T_CS.o)
 .debug_info    0x0000eb00      0x11f .\CortexM3\ARM_GCC_541\Debug\TFT_test.a(T_CLK.o)
 .debug_info    0x0000ec1f      0x11f .\CortexM3\ARM_GCC_541\Debug\TFT_test.a(T_DIN.o)
 .debug_info    0x0000ed3e      0x11f .\CortexM3\ARM_GCC_541\Debug\TFT_test.a(T_DO.o)
 .debug_info    0x0000ee5d      0x11f .\CortexM3\ARM_GCC_541\Debug\TFT_test.a(T_IRQ.o)
 .debug_info    0x0000ef7c      0x11f .\CortexM3\ARM_GCC_541\Debug\TFT_test.a(LED3.o)
 .debug_info    0x0000f09b      0x11f .\CortexM3\ARM_GCC_541\Debug\TFT_test.a(LED4.o)
 .debug_info    0x0000f1ba      0x4bb .\CortexM3\ARM_GCC_541\Debug\TFT_test.a(SPI.o)
 .debug_info    0x0000f675      0x11f .\CortexM3\ARM_GCC_541\Debug\TFT_test.a(SPI_SS.o)
 .debug_info    0x0000f794      0x283 .\CortexM3\ARM_GCC_541\Debug\TFT_test.a(SPI_IntClock.o)
 .debug_info    0x0000fa17     0x1374 .\CortexM3\ARM_GCC_541\Debug\TFT_test.a(CyLib.o)
 .debug_info    0x00010d8b      0xa2a .\CortexM3\ARM_GCC_541\Debug\TFT_test.a(cyPm.o)
 .debug_info    0x000117b5       0x89 .\CortexM3\ARM_GCC_541\Debug\TFT_test.a(CyBootAsmGnu.o)
 .debug_info    0x0001183e      0x64d .\CortexM3\ARM_GCC_541\Debug\TFT_test.a(CyFlash.o)
 .debug_info    0x00011e8b      0x550 .\CortexM3\ARM_GCC_541\Debug\TFT_test.a(CySpc.o)

.debug_abbrev   0x00000000     0x23e6
 *(.debug_abbrev)
 .debug_abbrev  0x00000000      0x233 .\CortexM3\ARM_GCC_541\Debug\main.o
 .debug_abbrev  0x00000233      0x2e8 .\CortexM3\ARM_GCC_541\Debug\ugui_SSD1963.o
 .debug_abbrev  0x0000051b      0x29c .\CortexM3\ARM_GCC_541\Debug\ugui.o
 .debug_abbrev  0x000007b7       0x75 .\CortexM3\ARM_GCC_541\Debug\Capture.o
 .debug_abbrev  0x0000082c      0x26c .\CortexM3\ARM_GCC_541\Debug\XPT2046.o
 .debug_abbrev  0x00000a98      0x239 .\CortexM3\ARM_GCC_541\Debug\ff.o
 .debug_abbrev  0x00000cd1      0x1ce .\CortexM3\ARM_GCC_541\Debug\sdcard.o
 .debug_abbrev  0x00000e9f       0x81 .\CortexM3\ARM_GCC_541\Debug\rtc.o
 .debug_abbrev  0x00000f20      0x20d .\CortexM3\ARM_GCC_541\Debug\cyfitter_cfg.o
 .debug_abbrev  0x0000112d       0x77 .\CortexM3\ARM_GCC_541\Debug\cymetadata.o
 .debug_abbrev  0x000011a4      0x1e8 .\CortexM3\ARM_GCC_541\Debug\Cm3Start.o
 .debug_abbrev  0x0000138c       0x90 .\CortexM3\ARM_GCC_541\Debug\TFT_test.a(D_BL.o)
 .debug_abbrev  0x0000141c       0xed .\CortexM3\ARM_GCC_541\Debug\TFT_test.a(GraphicLCDIntf.o)
 .debug_abbrev  0x00001509       0x90 .\CortexM3\ARM_GCC_541\Debug\TFT_test.a(D_RST.o)
 .debug_abbrev  0x00001599       0x90 .\CortexM3\ARM_GCC_541\Debug\TFT_test.a(T_CS.o)
 .debug_abbrev  0x00001629       0x90 .\CortexM3\ARM_GCC_541\Debug\TFT_test.a(T_CLK.o)
 .debug_abbrev  0x000016b9       0x90 .\CortexM3\ARM_GCC_541\Debug\TFT_test.a(T_DIN.o)
 .debug_abbrev  0x00001749       0x90 .\CortexM3\ARM_GCC_541\Debug\TFT_test.a(T_DO.o)
 .debug_abbrev  0x000017d9       0x90 .\CortexM3\ARM_GCC_541\Debug\TFT_test.a(T_IRQ.o)
 .debug_abbrev  0x00001869       0x90 .\CortexM3\ARM_GCC_541\Debug\TFT_test.a(LED3.o)
 .debug_abbrev  0x000018f9       0x90 .\CortexM3\ARM_GCC_541\Debug\TFT_test.a(LED4.o)
 .debug_abbrev  0x00001989      0x146 .\CortexM3\ARM_GCC_541\Debug\TFT_test.a(SPI.o)
 .debug_abbrev  0x00001acf       0x90 .\CortexM3\ARM_GCC_541\Debug\TFT_test.a(SPI_SS.o)
 .debug_abbrev  0x00001b5f      0x139 .\CortexM3\ARM_GCC_541\Debug\TFT_test.a(SPI_IntClock.o)
 .debug_abbrev  0x00001c98      0x254 .\CortexM3\ARM_GCC_541\Debug\TFT_test.a(CyLib.o)
 .debug_abbrev  0x00001eec      0x1ab .\CortexM3\ARM_GCC_541\Debug\TFT_test.a(cyPm.o)
 .debug_abbrev  0x00002097       0x14 .\CortexM3\ARM_GCC_541\Debug\TFT_test.a(CyBootAsmGnu.o)
 .debug_abbrev  0x000020ab      0x1a7 .\CortexM3\ARM_GCC_541\Debug\TFT_test.a(CyFlash.o)
 .debug_abbrev  0x00002252      0x194 .\CortexM3\ARM_GCC_541\Debug\TFT_test.a(CySpc.o)

.debug_line     0x00000000     0x593c
 *(.debug_line)
 .debug_line    0x00000000      0x388 .\CortexM3\ARM_GCC_541\Debug\main.o
 .debug_line    0x00000388      0x426 .\CortexM3\ARM_GCC_541\Debug\ugui_SSD1963.o
 .debug_line    0x000007ae     0x1939 .\CortexM3\ARM_GCC_541\Debug\ugui.o
 .debug_line    0x000020e7      0x153 .\CortexM3\ARM_GCC_541\Debug\Capture.o
 .debug_line    0x0000223a      0x2d3 .\CortexM3\ARM_GCC_541\Debug\XPT2046.o
 .debug_line    0x0000250d      0xe96 .\CortexM3\ARM_GCC_541\Debug\ff.o
 .debug_line    0x000033a3      0x3ec .\CortexM3\ARM_GCC_541\Debug\sdcard.o
 .debug_line    0x0000378f      0x183 .\CortexM3\ARM_GCC_541\Debug\rtc.o
 .debug_line    0x00003912      0x1f8 .\CortexM3\ARM_GCC_541\Debug\cyfitter_cfg.o
 .debug_line    0x00003b0a      0x141 .\CortexM3\ARM_GCC_541\Debug\cymetadata.o
 .debug_line    0x00003c4b      0x234 .\CortexM3\ARM_GCC_541\Debug\Cm3Start.o
 .debug_line    0x00003e7f       0x91 .\CortexM3\ARM_GCC_541\Debug\TFT_test.a(D_BL.o)
 .debug_line    0x00003f10       0xf4 .\CortexM3\ARM_GCC_541\Debug\TFT_test.a(GraphicLCDIntf.o)
 .debug_line    0x00004004       0x92 .\CortexM3\ARM_GCC_541\Debug\TFT_test.a(D_RST.o)
 .debug_line    0x00004096       0x91 .\CortexM3\ARM_GCC_541\Debug\TFT_test.a(T_CS.o)
 .debug_line    0x00004127       0x92 .\CortexM3\ARM_GCC_541\Debug\TFT_test.a(T_CLK.o)
 .debug_line    0x000041b9       0x92 .\CortexM3\ARM_GCC_541\Debug\TFT_test.a(T_DIN.o)
 .debug_line    0x0000424b       0x91 .\CortexM3\ARM_GCC_541\Debug\TFT_test.a(T_DO.o)
 .debug_line    0x000042dc       0x92 .\CortexM3\ARM_GCC_541\Debug\TFT_test.a(T_IRQ.o)
 .debug_line    0x0000436e       0x91 .\CortexM3\ARM_GCC_541\Debug\TFT_test.a(LED3.o)
 .debug_line    0x000043ff       0x91 .\CortexM3\ARM_GCC_541\Debug\TFT_test.a(LED4.o)
 .debug_line    0x00004490      0x241 .\CortexM3\ARM_GCC_541\Debug\TFT_test.a(SPI.o)
 .debug_line    0x000046d1       0x93 .\CortexM3\ARM_GCC_541\Debug\TFT_test.a(SPI_SS.o)
 .debug_line    0x00004764      0x17b .\CortexM3\ARM_GCC_541\Debug\TFT_test.a(SPI_IntClock.o)
 .debug_line    0x000048df      0x816 .\CortexM3\ARM_GCC_541\Debug\TFT_test.a(CyLib.o)
 .debug_line    0x000050f5      0x367 .\CortexM3\ARM_GCC_541\Debug\TFT_test.a(cyPm.o)
 .debug_line    0x0000545c       0x66 .\CortexM3\ARM_GCC_541\Debug\TFT_test.a(CyBootAsmGnu.o)
 .debug_line    0x000054c2      0x21a .\CortexM3\ARM_GCC_541\Debug\TFT_test.a(CyFlash.o)
 .debug_line    0x000056dc      0x260 .\CortexM3\ARM_GCC_541\Debug\TFT_test.a(CySpc.o)

.debug_frame    0x00000000     0x3834
 *(.debug_frame)
 .debug_frame   0x00000000       0x70 .\CortexM3\ARM_GCC_541\Debug\main.o
 .debug_frame   0x00000070      0x114 .\CortexM3\ARM_GCC_541\Debug\ugui_SSD1963.o
 .debug_frame   0x00000184     0x1390 .\CortexM3\ARM_GCC_541\Debug\ugui.o
 .debug_frame   0x00001514       0x94 .\CortexM3\ARM_GCC_541\Debug\XPT2046.o
 .debug_frame   0x000015a8      0x850 .\CortexM3\ARM_GCC_541\Debug\ff.o
 .debug_frame   0x00001df8      0x1d8 .\CortexM3\ARM_GCC_541\Debug\sdcard.o
 .debug_frame   0x00001fd0       0x20 .\CortexM3\ARM_GCC_541\Debug\rtc.o
 .debug_frame   0x00001ff0       0xe4 .\CortexM3\ARM_GCC_541\Debug\cyfitter_cfg.o
 .debug_frame   0x000020d4       0xb8 .\CortexM3\ARM_GCC_541\Debug\Cm3Start.o
 .debug_frame   0x0000218c       0x50 .\CortexM3\ARM_GCC_541\Debug\TFT_test.a(D_BL.o)
 .debug_frame   0x000021dc       0x98 .\CortexM3\ARM_GCC_541\Debug\TFT_test.a(GraphicLCDIntf.o)
 .debug_frame   0x00002274       0x50 .\CortexM3\ARM_GCC_541\Debug\TFT_test.a(D_RST.o)
 .debug_frame   0x000022c4       0x50 .\CortexM3\ARM_GCC_541\Debug\TFT_test.a(T_CS.o)
 .debug_frame   0x00002314       0x50 .\CortexM3\ARM_GCC_541\Debug\TFT_test.a(T_CLK.o)
 .debug_frame   0x00002364       0x50 .\CortexM3\ARM_GCC_541\Debug\TFT_test.a(T_DIN.o)
 .debug_frame   0x000023b4       0x50 .\CortexM3\ARM_GCC_541\Debug\TFT_test.a(T_DO.o)
 .debug_frame   0x00002404       0x50 .\CortexM3\ARM_GCC_541\Debug\TFT_test.a(T_IRQ.o)
 .debug_frame   0x00002454       0x50 .\CortexM3\ARM_GCC_541\Debug\TFT_test.a(LED3.o)
 .debug_frame   0x000024a4       0x50 .\CortexM3\ARM_GCC_541\Debug\TFT_test.a(LED4.o)
 .debug_frame   0x000024f4      0x1e8 .\CortexM3\ARM_GCC_541\Debug\TFT_test.a(SPI.o)
 .debug_frame   0x000026dc       0x50 .\CortexM3\ARM_GCC_541\Debug\TFT_test.a(SPI_SS.o)
 .debug_frame   0x0000272c       0xe0 .\CortexM3\ARM_GCC_541\Debug\TFT_test.a(SPI_IntClock.o)
 .debug_frame   0x0000280c      0x738 .\CortexM3\ARM_GCC_541\Debug\TFT_test.a(CyLib.o)
 .debug_frame   0x00002f44      0x1f8 .\CortexM3\ARM_GCC_541\Debug\TFT_test.a(cyPm.o)
 .debug_frame   0x0000313c      0x194 .\CortexM3\ARM_GCC_541\Debug\TFT_test.a(CyFlash.o)
 .debug_frame   0x000032d0      0x180 .\CortexM3\ARM_GCC_541\Debug\TFT_test.a(CySpc.o)
 .debug_frame   0x00003450       0x20 c:/program files (x86)/cypress/psoc creator/4.2/psoc creator/import/gnu/arm/5.4.1/bin/../lib/gcc/arm-none-eabi/5.4.1/../../../../arm-none-eabi/lib/armv7-m\libg_nano.a(lib_a-errno.o)
 .debug_frame   0x00003470       0x28 c:/program files (x86)/cypress/psoc creator/4.2/psoc creator/import/gnu/arm/5.4.1/bin/../lib/gcc/arm-none-eabi/5.4.1/../../../../arm-none-eabi/lib/armv7-m\libg_nano.a(lib_a-exit.o)
 .debug_frame   0x00003498       0x2c c:/program files (x86)/cypress/psoc creator/4.2/psoc creator/import/gnu/arm/5.4.1/bin/../lib/gcc/arm-none-eabi/5.4.1/../../../../arm-none-eabi/lib/armv7-m\libg_nano.a(lib_a-init.o)
 .debug_frame   0x000034c4       0x28 c:/program files (x86)/cypress/psoc creator/4.2/psoc creator/import/gnu/arm/5.4.1/bin/../lib/gcc/arm-none-eabi/5.4.1/../../../../arm-none-eabi/lib/armv7-m\libg_nano.a(lib_a-memcpy-stub.o)
 .debug_frame   0x000034ec       0x20 c:/program files (x86)/cypress/psoc creator/4.2/psoc creator/import/gnu/arm/5.4.1/bin/../lib/gcc/arm-none-eabi/5.4.1/../../../../arm-none-eabi/lib/armv7-m\libg_nano.a(lib_a-memset.o)
 .debug_frame   0x0000350c       0x70 c:/program files (x86)/cypress/psoc creator/4.2/psoc creator/import/gnu/arm/5.4.1/bin/../lib/gcc/arm-none-eabi/5.4.1/../../../../arm-none-eabi/lib/armv7-m\libg_nano.a(lib_a-sprintf.o)
 .debug_frame   0x0000357c       0x90 c:/program files (x86)/cypress/psoc creator/4.2/psoc creator/import/gnu/arm/5.4.1/bin/../lib/gcc/arm-none-eabi/5.4.1/../../../../arm-none-eabi/lib/armv7-m\libg_nano.a(lib_a-nano-svfprintf.o)
 .debug_frame   0x0000360c       0x60 c:/program files (x86)/cypress/psoc creator/4.2/psoc creator/import/gnu/arm/5.4.1/bin/../lib/gcc/arm-none-eabi/5.4.1/../../../../arm-none-eabi/lib/armv7-m\libg_nano.a(lib_a-nano-vfprintf_i.o)
 .debug_frame   0x0000366c       0x28 c:/program files (x86)/cypress/psoc creator/4.2/psoc creator/import/gnu/arm/5.4.1/bin/../lib/gcc/arm-none-eabi/5.4.1/../../../../arm-none-eabi/lib/armv7-m\libg_nano.a(lib_a-memchr-stub.o)
 .debug_frame   0x00003694       0x28 c:/program files (x86)/cypress/psoc creator/4.2/psoc creator/import/gnu/arm/5.4.1/bin/../lib/gcc/arm-none-eabi/5.4.1/../../../../arm-none-eabi/lib/armv7-m\libg_nano.a(lib_a-memmove.o)
 .debug_frame   0x000036bc       0x38 c:/program files (x86)/cypress/psoc creator/4.2/psoc creator/import/gnu/arm/5.4.1/bin/../lib/gcc/arm-none-eabi/5.4.1/../../../../arm-none-eabi/lib/armv7-m\libg_nano.a(lib_a-nano-freer.o)
 .debug_frame   0x000036f4       0x2c c:/program files (x86)/cypress/psoc creator/4.2/psoc creator/import/gnu/arm/5.4.1/bin/../lib/gcc/arm-none-eabi/5.4.1/../../../../arm-none-eabi/lib/armv7-m\libg_nano.a(lib_a-nano-mallocr.o)
 .debug_frame   0x00003720       0x3c c:/program files (x86)/cypress/psoc creator/4.2/psoc creator/import/gnu/arm/5.4.1/bin/../lib/gcc/arm-none-eabi/5.4.1/../../../../arm-none-eabi/lib/armv7-m\libg_nano.a(lib_a-nano-reallocr.o)
 .debug_frame   0x0000375c       0x2c c:/program files (x86)/cypress/psoc creator/4.2/psoc creator/import/gnu/arm/5.4.1/bin/../lib/gcc/arm-none-eabi/5.4.1/../../../../arm-none-eabi/lib/armv7-m\libg_nano.a(lib_a-sbrkr.o)
 .debug_frame   0x00003788       0x30 c:/program files (x86)/cypress/psoc creator/4.2/psoc creator/import/gnu/arm/5.4.1/bin/../lib/gcc/arm-none-eabi/5.4.1/../../../../arm-none-eabi/lib/armv7-m\libg_nano.a(lib_a-mlock.o)
 .debug_frame   0x000037b8       0x20 c:/program files (x86)/cypress/psoc creator/4.2/psoc creator/import/gnu/arm/5.4.1/bin/../lib/gcc/arm-none-eabi/5.4.1/../../../../arm-none-eabi/lib/armv7-m\libg_nano.a(lib_a-nano-msizer.o)
 .debug_frame   0x000037d8       0x5c c:/program files (x86)/cypress/psoc creator/4.2/psoc creator/import/gnu/arm/5.4.1/bin/../lib/gcc/arm-none-eabi/5.4.1/../../../../arm-none-eabi/lib/armv7-m\libg_nano.a(lib_a-reent.o)

.debug_str      0x00000000     0x343d
 *(.debug_str)
 .debug_str     0x00000000      0x83d .\CortexM3\ARM_GCC_541\Debug\main.o
                                0x8fd (size before relaxing)
 .debug_str     0x0000083d      0x26c .\CortexM3\ARM_GCC_541\Debug\ugui_SSD1963.o
                                0x799 (size before relaxing)
 .debug_str     0x00000aa9      0xc88 .\CortexM3\ARM_GCC_541\Debug\ugui.o
                               0x12ff (size before relaxing)
 .debug_str     0x00001731       0x11 .\CortexM3\ARM_GCC_541\Debug\Capture.o
                                0x1d5 (size before relaxing)
 .debug_str     0x00001742       0x7f .\CortexM3\ARM_GCC_541\Debug\XPT2046.o
                                0x4e4 (size before relaxing)
 .debug_str     0x000017c1      0x32b .\CortexM3\ARM_GCC_541\Debug\ff.o
                                0x703 (size before relaxing)
 .debug_str     0x00001aec       0xeb .\CortexM3\ARM_GCC_541\Debug\sdcard.o
                                0x341 (size before relaxing)
 .debug_str     0x00001bd7       0x4a .\CortexM3\ARM_GCC_541\Debug\rtc.o
                                0x207 (size before relaxing)
 .debug_str     0x00001c21      0x193 .\CortexM3\ARM_GCC_541\Debug\cyfitter_cfg.o
                                0x350 (size before relaxing)
 .debug_str     0x00001db4       0x75 .\CortexM3\ARM_GCC_541\Debug\cymetadata.o
                                0x1f0 (size before relaxing)
 .debug_str     0x00001e29      0x144 .\CortexM3\ARM_GCC_541\Debug\Cm3Start.o
                                0x316 (size before relaxing)
 .debug_str     0x00001f6d       0x56 .\CortexM3\ARM_GCC_541\Debug\TFT_test.a(D_BL.o)
                                0x1e9 (size before relaxing)
 .debug_str     0x00001fc3       0x9a .\CortexM3\ARM_GCC_541\Debug\TFT_test.a(GraphicLCDIntf.o)
                                0x27d (size before relaxing)
 .debug_str     0x0000205d       0x4f .\CortexM3\ARM_GCC_541\Debug\TFT_test.a(D_RST.o)
                                0x1ee (size before relaxing)
 .debug_str     0x000020ac       0x4b .\CortexM3\ARM_GCC_541\Debug\TFT_test.a(T_CS.o)
                                0x1e9 (size before relaxing)
 .debug_str     0x000020f7       0x4f .\CortexM3\ARM_GCC_541\Debug\TFT_test.a(T_CLK.o)
                                0x1ee (size before relaxing)
 .debug_str     0x00002146       0x4f .\CortexM3\ARM_GCC_541\Debug\TFT_test.a(T_DIN.o)
                                0x1ee (size before relaxing)
 .debug_str     0x00002195       0x4c .\CortexM3\ARM_GCC_541\Debug\TFT_test.a(T_DO.o)
                                0x1e9 (size before relaxing)
 .debug_str     0x000021e1       0x50 .\CortexM3\ARM_GCC_541\Debug\TFT_test.a(T_IRQ.o)
                                0x1ee (size before relaxing)
 .debug_str     0x00002231       0x4b .\CortexM3\ARM_GCC_541\Debug\TFT_test.a(LED3.o)
                                0x1e9 (size before relaxing)
 .debug_str     0x0000227c       0x41 .\CortexM3\ARM_GCC_541\Debug\TFT_test.a(LED4.o)
                                0x1e9 (size before relaxing)
 .debug_str     0x000022bd      0x1fb .\CortexM3\ARM_GCC_541\Debug\TFT_test.a(SPI.o)
                                0x3fa (size before relaxing)
 .debug_str     0x000024b8       0x53 .\CortexM3\ARM_GCC_541\Debug\TFT_test.a(SPI_SS.o)
                                0x1f3 (size before relaxing)
 .debug_str     0x0000250b      0x179 .\CortexM3\ARM_GCC_541\Debug\TFT_test.a(SPI_IntClock.o)
                                0x336 (size before relaxing)
 .debug_str     0x00002684      0x7f4 .\CortexM3\ARM_GCC_541\Debug\TFT_test.a(CyLib.o)
                                0xa53 (size before relaxing)
 .debug_str     0x00002e78      0x365 .\CortexM3\ARM_GCC_541\Debug\TFT_test.a(cyPm.o)
                                0x73f (size before relaxing)
 .debug_str     0x000031dd      0x1b4 .\CortexM3\ARM_GCC_541\Debug\TFT_test.a(CyFlash.o)
                                0x3cc (size before relaxing)
 .debug_str     0x00003391       0xac .\CortexM3\ARM_GCC_541\Debug\TFT_test.a(CySpc.o)
                                0x344 (size before relaxing)

.debug_loc      0x00000000     0xdcdf
 *(.debug_loc)
 .debug_loc     0x00000000       0x9c .\CortexM3\ARM_GCC_541\Debug\main.o
 .debug_loc     0x0000009c      0xabd .\CortexM3\ARM_GCC_541\Debug\ugui_SSD1963.o
 .debug_loc     0x00000b59     0x6f3b .\CortexM3\ARM_GCC_541\Debug\ugui.o
 .debug_loc     0x00007a94      0x1f3 .\CortexM3\ARM_GCC_541\Debug\XPT2046.o
 .debug_loc     0x00007c87     0x3a14 .\CortexM3\ARM_GCC_541\Debug\ff.o
 .debug_loc     0x0000b69b      0x6a8 .\CortexM3\ARM_GCC_541\Debug\sdcard.o
 .debug_loc     0x0000bd43      0x288 .\CortexM3\ARM_GCC_541\Debug\cyfitter_cfg.o
 .debug_loc     0x0000bfcb      0x144 .\CortexM3\ARM_GCC_541\Debug\Cm3Start.o
 .debug_loc     0x0000c10f       0x42 .\CortexM3\ARM_GCC_541\Debug\TFT_test.a(D_BL.o)
 .debug_loc     0x0000c151       0x6a .\CortexM3\ARM_GCC_541\Debug\TFT_test.a(GraphicLCDIntf.o)
 .debug_loc     0x0000c1bb       0x42 .\CortexM3\ARM_GCC_541\Debug\TFT_test.a(D_RST.o)
 .debug_loc     0x0000c1fd       0x42 .\CortexM3\ARM_GCC_541\Debug\TFT_test.a(T_CS.o)
 .debug_loc     0x0000c23f       0x42 .\CortexM3\ARM_GCC_541\Debug\TFT_test.a(T_CLK.o)
 .debug_loc     0x0000c281       0x42 .\CortexM3\ARM_GCC_541\Debug\TFT_test.a(T_DIN.o)
 .debug_loc     0x0000c2c3       0x42 .\CortexM3\ARM_GCC_541\Debug\TFT_test.a(T_DO.o)
 .debug_loc     0x0000c305       0x42 .\CortexM3\ARM_GCC_541\Debug\TFT_test.a(T_IRQ.o)
 .debug_loc     0x0000c347       0x42 .\CortexM3\ARM_GCC_541\Debug\TFT_test.a(LED3.o)
 .debug_loc     0x0000c389       0x42 .\CortexM3\ARM_GCC_541\Debug\TFT_test.a(LED4.o)
 .debug_loc     0x0000c3cb       0xfe .\CortexM3\ARM_GCC_541\Debug\TFT_test.a(SPI.o)
 .debug_loc     0x0000c4c9       0x42 .\CortexM3\ARM_GCC_541\Debug\TFT_test.a(SPI_SS.o)
 .debug_loc     0x0000c50b      0x128 .\CortexM3\ARM_GCC_541\Debug\TFT_test.a(SPI_IntClock.o)
 .debug_loc     0x0000c633      0xa11 .\CortexM3\ARM_GCC_541\Debug\TFT_test.a(CyLib.o)
 .debug_loc     0x0000d044      0x1e4 .\CortexM3\ARM_GCC_541\Debug\TFT_test.a(cyPm.o)
 .debug_loc     0x0000d228      0x3b2 .\CortexM3\ARM_GCC_541\Debug\TFT_test.a(CyFlash.o)
 .debug_loc     0x0000d5da      0x705 .\CortexM3\ARM_GCC_541\Debug\TFT_test.a(CySpc.o)

.debug_macinfo
 *(.debug_macinfo)

.debug_ranges   0x00000000      0xf88
 *(.debug_ranges)
 .debug_ranges  0x00000000       0x18 .\CortexM3\ARM_GCC_541\Debug\main.o
 .debug_ranges  0x00000018       0x40 .\CortexM3\ARM_GCC_541\Debug\ugui_SSD1963.o
 .debug_ranges  0x00000058      0x550 .\CortexM3\ARM_GCC_541\Debug\ugui.o
 .debug_ranges  0x000005a8       0x28 .\CortexM3\ARM_GCC_541\Debug\XPT2046.o
 .debug_ranges  0x000005d0      0x1c0 .\CortexM3\ARM_GCC_541\Debug\ff.o
 .debug_ranges  0x00000790       0x70 .\CortexM3\ARM_GCC_541\Debug\sdcard.o
 .debug_ranges  0x00000800       0x10 .\CortexM3\ARM_GCC_541\Debug\rtc.o
 .debug_ranges  0x00000810       0x48 .\CortexM3\ARM_GCC_541\Debug\cyfitter_cfg.o
 .debug_ranges  0x00000858       0x38 .\CortexM3\ARM_GCC_541\Debug\Cm3Start.o
 .debug_ranges  0x00000890       0x28 .\CortexM3\ARM_GCC_541\Debug\TFT_test.a(D_BL.o)
 .debug_ranges  0x000008b8       0x40 .\CortexM3\ARM_GCC_541\Debug\TFT_test.a(GraphicLCDIntf.o)
 .debug_ranges  0x000008f8       0x28 .\CortexM3\ARM_GCC_541\Debug\TFT_test.a(D_RST.o)
 .debug_ranges  0x00000920       0x28 .\CortexM3\ARM_GCC_541\Debug\TFT_test.a(T_CS.o)
 .debug_ranges  0x00000948       0x28 .\CortexM3\ARM_GCC_541\Debug\TFT_test.a(T_CLK.o)
 .debug_ranges  0x00000970       0x28 .\CortexM3\ARM_GCC_541\Debug\TFT_test.a(T_DIN.o)
 .debug_ranges  0x00000998       0x28 .\CortexM3\ARM_GCC_541\Debug\TFT_test.a(T_DO.o)
 .debug_ranges  0x000009c0       0x28 .\CortexM3\ARM_GCC_541\Debug\TFT_test.a(T_IRQ.o)
 .debug_ranges  0x000009e8       0x28 .\CortexM3\ARM_GCC_541\Debug\TFT_test.a(LED3.o)
 .debug_ranges  0x00000a10       0x28 .\CortexM3\ARM_GCC_541\Debug\TFT_test.a(LED4.o)
 .debug_ranges  0x00000a38       0xc8 .\CortexM3\ARM_GCC_541\Debug\TFT_test.a(SPI.o)
 .debug_ranges  0x00000b00       0x28 .\CortexM3\ARM_GCC_541\Debug\TFT_test.a(SPI_SS.o)
 .debug_ranges  0x00000b28       0x60 .\CortexM3\ARM_GCC_541\Debug\TFT_test.a(SPI_IntClock.o)
 .debug_ranges  0x00000b88      0x290 .\CortexM3\ARM_GCC_541\Debug\TFT_test.a(CyLib.o)
 .debug_ranges  0x00000e18       0x88 .\CortexM3\ARM_GCC_541\Debug\TFT_test.a(cyPm.o)
 .debug_ranges  0x00000ea0       0x78 .\CortexM3\ARM_GCC_541\Debug\TFT_test.a(CyFlash.o)
 .debug_ranges  0x00000f18       0x70 .\CortexM3\ARM_GCC_541\Debug\TFT_test.a(CySpc.o)

.comment        0x00000000       0x6e
 .comment       0x00000000       0x6e .\CortexM3\ARM_GCC_541\Debug\main.o
                                 0x6f (size before relaxing)
 .comment       0x0000006e       0x6f .\CortexM3\ARM_GCC_541\Debug\ugui_SSD1963.o
 .comment       0x0000006e       0x6f .\CortexM3\ARM_GCC_541\Debug\ugui.o
 .comment       0x0000006e       0x6f .\CortexM3\ARM_GCC_541\Debug\Capture.o
 .comment       0x0000006e       0x6f .\CortexM3\ARM_GCC_541\Debug\XPT2046.o
 .comment       0x0000006e       0x6f .\CortexM3\ARM_GCC_541\Debug\ff.o
 .comment       0x0000006e       0x6f .\CortexM3\ARM_GCC_541\Debug\sdcard.o
 .comment       0x0000006e       0x6f .\CortexM3\ARM_GCC_541\Debug\rtc.o
 .comment       0x0000006e       0x6f .\CortexM3\ARM_GCC_541\Debug\cyfitter_cfg.o
 .comment       0x0000006e       0x6f .\CortexM3\ARM_GCC_541\Debug\cymetadata.o
 .comment       0x0000006e       0x6f .\CortexM3\ARM_GCC_541\Debug\Cm3Start.o
 .comment       0x0000006e       0x6f .\CortexM3\ARM_GCC_541\Debug\TFT_test.a(D_BL.o)
 .comment       0x0000006e       0x6f .\CortexM3\ARM_GCC_541\Debug\TFT_test.a(GraphicLCDIntf.o)
 .comment       0x0000006e       0x6f .\CortexM3\ARM_GCC_541\Debug\TFT_test.a(D_RST.o)
 .comment       0x0000006e       0x6f .\CortexM3\ARM_GCC_541\Debug\TFT_test.a(T_CS.o)
 .comment       0x0000006e       0x6f .\CortexM3\ARM_GCC_541\Debug\TFT_test.a(T_CLK.o)
 .comment       0x0000006e       0x6f .\CortexM3\ARM_GCC_541\Debug\TFT_test.a(T_DIN.o)
 .comment       0x0000006e       0x6f .\CortexM3\ARM_GCC_541\Debug\TFT_test.a(T_DO.o)
 .comment       0x0000006e       0x6f .\CortexM3\ARM_GCC_541\Debug\TFT_test.a(T_IRQ.o)
 .comment       0x0000006e       0x6f .\CortexM3\ARM_GCC_541\Debug\TFT_test.a(LED3.o)
 .comment       0x0000006e       0x6f .\CortexM3\ARM_GCC_541\Debug\TFT_test.a(LED4.o)
 .comment       0x0000006e       0x6f .\CortexM3\ARM_GCC_541\Debug\TFT_test.a(SPI.o)
 .comment       0x0000006e       0x6f .\CortexM3\ARM_GCC_541\Debug\TFT_test.a(SPI_SS.o)
 .comment       0x0000006e       0x6f .\CortexM3\ARM_GCC_541\Debug\TFT_test.a(SPI_IntClock.o)
 .comment       0x0000006e       0x6f .\CortexM3\ARM_GCC_541\Debug\TFT_test.a(CyLib.o)
 .comment       0x0000006e       0x6f .\CortexM3\ARM_GCC_541\Debug\TFT_test.a(cyPm.o)
 .comment       0x0000006e       0x6f .\CortexM3\ARM_GCC_541\Debug\TFT_test.a(CyFlash.o)
 .comment       0x0000006e       0x6f .\CortexM3\ARM_GCC_541\Debug\TFT_test.a(CySpc.o)

.debug_weaknames
 *(.debug_weaknames)

.debug_funcnames
 *(.debug_funcnames)

.debug_typenames
 *(.debug_typenames)

.debug_varnames
 *(.debug_varnames)

.note.gnu.arm.ident
 *(.note.gnu.arm.ident)

.ARM.attributes
                0x00000000       0x29
 *(.ARM.attributes)
 .ARM.attributes
                0x00000000       0x1d c:/program files (x86)/cypress/psoc creator/4.2/psoc creator/import/gnu/arm/5.4.1/bin/../lib/gcc/arm-none-eabi/5.4.1/armv7-m/crti.o
 .ARM.attributes
                0x0000001d       0x2d c:/program files (x86)/cypress/psoc creator/4.2/psoc creator/import/gnu/arm/5.4.1/bin/../lib/gcc/arm-none-eabi/5.4.1/armv7-m/crtbegin.o
 .ARM.attributes
                0x0000004a       0x1b c:/program files (x86)/cypress/psoc creator/4.2/psoc creator/import/gnu/arm/5.4.1/bin/../lib/gcc/arm-none-eabi/5.4.1/../../../../arm-none-eabi/lib/armv7-m/crt0.o
 .ARM.attributes
                0x00000065       0x33 .\CortexM3\ARM_GCC_541\Debug\main.o
 .ARM.attributes
                0x00000098       0x33 .\CortexM3\ARM_GCC_541\Debug\ugui_SSD1963.o
 .ARM.attributes
                0x000000cb       0x33 .\CortexM3\ARM_GCC_541\Debug\ugui.o
 .ARM.attributes
                0x000000fe       0x33 .\CortexM3\ARM_GCC_541\Debug\Capture.o
 .ARM.attributes
                0x00000131       0x33 .\CortexM3\ARM_GCC_541\Debug\XPT2046.o
 .ARM.attributes
                0x00000164       0x33 .\CortexM3\ARM_GCC_541\Debug\ff.o
 .ARM.attributes
                0x00000197       0x33 .\CortexM3\ARM_GCC_541\Debug\sdcard.o
 .ARM.attributes
                0x000001ca       0x33 .\CortexM3\ARM_GCC_541\Debug\rtc.o
 .ARM.attributes
                0x000001fd       0x33 .\CortexM3\ARM_GCC_541\Debug\cyfitter_cfg.o
 .ARM.attributes
                0x00000230       0x33 .\CortexM3\ARM_GCC_541\Debug\cymetadata.o
 .ARM.attributes
                0x00000263       0x33 .\CortexM3\ARM_GCC_541\Debug\Cm3Start.o
 .ARM.attributes
                0x00000296       0x33 .\CortexM3\ARM_GCC_541\Debug\TFT_test.a(D_BL.o)
 .ARM.attributes
                0x000002c9       0x33 .\CortexM3\ARM_GCC_541\Debug\TFT_test.a(GraphicLCDIntf.o)
 .ARM.attributes
                0x000002fc       0x33 .\CortexM3\ARM_GCC_541\Debug\TFT_test.a(D_RST.o)
 .ARM.attributes
                0x0000032f       0x33 .\CortexM3\ARM_GCC_541\Debug\TFT_test.a(T_CS.o)
 .ARM.attributes
                0x00000362       0x33 .\CortexM3\ARM_GCC_541\Debug\TFT_test.a(T_CLK.o)
 .ARM.attributes
                0x00000395       0x33 .\CortexM3\ARM_GCC_541\Debug\TFT_test.a(T_DIN.o)
 .ARM.attributes
                0x000003c8       0x33 .\CortexM3\ARM_GCC_541\Debug\TFT_test.a(T_DO.o)
 .ARM.attributes
                0x000003fb       0x33 .\CortexM3\ARM_GCC_541\Debug\TFT_test.a(T_IRQ.o)
 .ARM.attributes
                0x0000042e       0x33 .\CortexM3\ARM_GCC_541\Debug\TFT_test.a(LED3.o)
 .ARM.attributes
                0x00000461       0x33 .\CortexM3\ARM_GCC_541\Debug\TFT_test.a(LED4.o)
 .ARM.attributes
                0x00000494       0x33 .\CortexM3\ARM_GCC_541\Debug\TFT_test.a(SPI.o)
 .ARM.attributes
                0x000004c7       0x33 .\CortexM3\ARM_GCC_541\Debug\TFT_test.a(SPI_SS.o)
 .ARM.attributes
                0x000004fa       0x33 .\CortexM3\ARM_GCC_541\Debug\TFT_test.a(SPI_IntClock.o)
 .ARM.attributes
                0x0000052d       0x33 .\CortexM3\ARM_GCC_541\Debug\TFT_test.a(CyLib.o)
 .ARM.attributes
                0x00000560       0x33 .\CortexM3\ARM_GCC_541\Debug\TFT_test.a(cyPm.o)
 .ARM.attributes
                0x00000593       0x21 .\CortexM3\ARM_GCC_541\Debug\TFT_test.a(CyBootAsmGnu.o)
 .ARM.attributes
                0x000005b4       0x33 .\CortexM3\ARM_GCC_541\Debug\TFT_test.a(CyFlash.o)
 .ARM.attributes
                0x000005e7       0x33 .\CortexM3\ARM_GCC_541\Debug\TFT_test.a(CySpc.o)
 .ARM.attributes
                0x0000061a       0x2d c:/program files (x86)/cypress/psoc creator/4.2/psoc creator/import/gnu/arm/5.4.1/bin/../lib/gcc/arm-none-eabi/5.4.1/../../../../arm-none-eabi/lib/armv7-m\libg_nano.a(lib_a-errno.o)
 .ARM.attributes
                0x00000647       0x2d c:/program files (x86)/cypress/psoc creator/4.2/psoc creator/import/gnu/arm/5.4.1/bin/../lib/gcc/arm-none-eabi/5.4.1/../../../../arm-none-eabi/lib/armv7-m\libg_nano.a(lib_a-exit.o)
 .ARM.attributes
                0x00000674       0x2d c:/program files (x86)/cypress/psoc creator/4.2/psoc creator/import/gnu/arm/5.4.1/bin/../lib/gcc/arm-none-eabi/5.4.1/../../../../arm-none-eabi/lib/armv7-m\libg_nano.a(lib_a-impure.o)
 .ARM.attributes
                0x000006a1       0x2d c:/program files (x86)/cypress/psoc creator/4.2/psoc creator/import/gnu/arm/5.4.1/bin/../lib/gcc/arm-none-eabi/5.4.1/../../../../arm-none-eabi/lib/armv7-m\libg_nano.a(lib_a-init.o)
 .ARM.attributes
                0x000006ce       0x2d c:/program files (x86)/cypress/psoc creator/4.2/psoc creator/import/gnu/arm/5.4.1/bin/../lib/gcc/arm-none-eabi/5.4.1/../../../../arm-none-eabi/lib/armv7-m\libg_nano.a(lib_a-memcpy-stub.o)
 .ARM.attributes
                0x000006fb       0x2d c:/program files (x86)/cypress/psoc creator/4.2/psoc creator/import/gnu/arm/5.4.1/bin/../lib/gcc/arm-none-eabi/5.4.1/../../../../arm-none-eabi/lib/armv7-m\libg_nano.a(lib_a-memset.o)
 .ARM.attributes
                0x00000728       0x2d c:/program files (x86)/cypress/psoc creator/4.2/psoc creator/import/gnu/arm/5.4.1/bin/../lib/gcc/arm-none-eabi/5.4.1/../../../../arm-none-eabi/lib/armv7-m\libg_nano.a(lib_a-sprintf.o)
 .ARM.attributes
                0x00000755       0x2d c:/program files (x86)/cypress/psoc creator/4.2/psoc creator/import/gnu/arm/5.4.1/bin/../lib/gcc/arm-none-eabi/5.4.1/../../../../arm-none-eabi/lib/armv7-m\libg_nano.a(lib_a-nano-svfprintf.o)
 .ARM.attributes
                0x00000782       0x2d c:/program files (x86)/cypress/psoc creator/4.2/psoc creator/import/gnu/arm/5.4.1/bin/../lib/gcc/arm-none-eabi/5.4.1/../../../../arm-none-eabi/lib/armv7-m\libg_nano.a(lib_a-nano-vfprintf_i.o)
 .ARM.attributes
                0x000007af       0x2d c:/program files (x86)/cypress/psoc creator/4.2/psoc creator/import/gnu/arm/5.4.1/bin/../lib/gcc/arm-none-eabi/5.4.1/../../../../arm-none-eabi/lib/armv7-m\libg_nano.a(lib_a-memchr-stub.o)
 .ARM.attributes
                0x000007dc       0x2d c:/program files (x86)/cypress/psoc creator/4.2/psoc creator/import/gnu/arm/5.4.1/bin/../lib/gcc/arm-none-eabi/5.4.1/../../../../arm-none-eabi/lib/armv7-m\libg_nano.a(lib_a-memmove.o)
 .ARM.attributes
                0x00000809       0x2d c:/program files (x86)/cypress/psoc creator/4.2/psoc creator/import/gnu/arm/5.4.1/bin/../lib/gcc/arm-none-eabi/5.4.1/../../../../arm-none-eabi/lib/armv7-m\libg_nano.a(lib_a-nano-freer.o)
 .ARM.attributes
                0x00000836       0x2d c:/program files (x86)/cypress/psoc creator/4.2/psoc creator/import/gnu/arm/5.4.1/bin/../lib/gcc/arm-none-eabi/5.4.1/../../../../arm-none-eabi/lib/armv7-m\libg_nano.a(lib_a-nano-mallocr.o)
 .ARM.attributes
                0x00000863       0x2d c:/program files (x86)/cypress/psoc creator/4.2/psoc creator/import/gnu/arm/5.4.1/bin/../lib/gcc/arm-none-eabi/5.4.1/../../../../arm-none-eabi/lib/armv7-m\libg_nano.a(lib_a-nano-reallocr.o)
 .ARM.attributes
                0x00000890       0x2d c:/program files (x86)/cypress/psoc creator/4.2/psoc creator/import/gnu/arm/5.4.1/bin/../lib/gcc/arm-none-eabi/5.4.1/../../../../arm-none-eabi/lib/armv7-m\libg_nano.a(lib_a-sbrkr.o)
 .ARM.attributes
                0x000008bd       0x2d c:/program files (x86)/cypress/psoc creator/4.2/psoc creator/import/gnu/arm/5.4.1/bin/../lib/gcc/arm-none-eabi/5.4.1/../../../../arm-none-eabi/lib/armv7-m\libg_nano.a(lib_a-mlock.o)
 .ARM.attributes
                0x000008ea       0x2d c:/program files (x86)/cypress/psoc creator/4.2/psoc creator/import/gnu/arm/5.4.1/bin/../lib/gcc/arm-none-eabi/5.4.1/../../../../arm-none-eabi/lib/armv7-m\libg_nano.a(lib_a-nano-msizer.o)
 .ARM.attributes
                0x00000917       0x2d c:/program files (x86)/cypress/psoc creator/4.2/psoc creator/import/gnu/arm/5.4.1/bin/../lib/gcc/arm-none-eabi/5.4.1/../../../../arm-none-eabi/lib/armv7-m\libg_nano.a(lib_a-reent.o)
 .ARM.attributes
                0x00000944       0x2d c:/program files (x86)/cypress/psoc creator/4.2/psoc creator/import/gnu/arm/5.4.1/bin/../lib/gcc/arm-none-eabi/5.4.1/armv7-m/crtend.o
 .ARM.attributes
                0x00000971       0x1d c:/program files (x86)/cypress/psoc creator/4.2/psoc creator/import/gnu/arm/5.4.1/bin/../lib/gcc/arm-none-eabi/5.4.1/armv7-m/crtn.o

/DISCARD/
 *(.note.GNU-stack)
OUTPUT(D:\GitHub\PSoC5_uGUI_SD_Sample\PSoC_Project\TFT_test.cydsn\CortexM3\ARM_GCC_541\Debug\TFT_test.elf elf32-littlearm)
